<html>
<body>
<pre>
<h1>µVision Build Log</h1>
<h2>Tool Versions:</h2>
IDE-Version: ¦ÌVision V5.38.0.0
Copyright (C) 2022 ARM Ltd and ARM Germany GmbH. All rights reserved.
License Information: fagj Tang, fafw, LIC=65ISZ-JYUEA-JJ96S-LC8GL-K6DJ2-U1QLT
 
Tool Versions:
Toolchain:       MDK-ARM Plus  Version: 5.26.2.0
Toolchain Path:  D:\Keil_v5\ARM\ARMCC\Bin
C Compiler:      Armcc.exe V5.06 update 6 (build 750)
Assembler:       Armasm.exe V5.06 update 6 (build 750)
Linker/Locator:  ArmLink.exe V5.06 update 6 (build 750)
Library Manager: ArmAr.exe V5.06 update 6 (build 750)
Hex Converter:   FromElf.exe V5.06 update 6 (build 750)
CPU DLL:         SARMCM3.DLL V5.26.2.0
Dialog DLL:      DCM.DLL V1.17.2.0
Target DLL:      STLink\ST-LINKIII-KEIL_SWO.dll V3.0.5.0
Dialog DLL:      TCM.DLL V1.36.1.0
 
<h2>Project:</h2>
D:\ST\STM32CubeIDE_1.19.0\workspace_1.19.0\CONTROL_1\CONTROL_1\MDK-ARM\CONTROL_1.uvprojx
Project File Date:  09/10/2025

<h2>Output:</h2>
*** Using Compiler 'V5.06 update 6 (build 750)', folder: 'D:\Keil_v5\ARM\ARMCC\Bin'
Rebuild target 'CONTROL_1'
Note: source file '../Core/Src/gpio.c' - object file renamed from 'CONTROL_1\gpio.o' to 'CONTROL_1\gpio_1.o'.
Note: source file '../Core/Src/adc.c' - object file renamed from 'CONTROL_1\adc.o' to 'CONTROL_1\adc_1.o'.
Note: source file '../Core/Src/dma.c' - object file renamed from 'CONTROL_1\dma.o' to 'CONTROL_1\dma_1.o'.
Note: source file '../Core/Src/tim.c' - object file renamed from 'CONTROL_1\tim.o' to 'CONTROL_1\tim_1.o'.
Note: source file '../Core/Src/usart.c' - object file renamed from 'CONTROL_1\usart.o' to 'CONTROL_1\usart_1.o'.
Note: source file '../Core/Src/stm32h7xx_it.c' - object file renamed from 'CONTROL_1\stm32h7xx_it.o' to 'CONTROL_1\stm32h7xx_it_1.o'.
Note: source file '../Core/Src/stm32h7xx_hal_msp.c' - object file renamed from 'CONTROL_1\stm32h7xx_hal_msp.o' to 'CONTROL_1\stm32h7xx_hal_msp_1.o'.
Note: source file '../Core/Src/system_stm32h7xx.c' - object file renamed from 'CONTROL_1\system_stm32h7xx.o' to 'CONTROL_1\system_stm32h7xx_1.o'.
assembling startup_stm32h750xx.s...
compiling tim.c...
compiling dma.c...
compiling stm32h7xx_it.c...
compiling adc.c...
compiling gpio.c...
compiling usart.c...
compiling main.c...
compiling stm32h7xx_hal_msp.c...
compiling stm32h7xx_hal_flash.c...
compiling stm32h7xx_hal_flash_ex.c...
compiling stm32h7xx_hal_adc_ex.c...
compiling stm32h7xx_hal_rcc.c...
compiling stm32h7xx_hal_adc.c...
compiling stm32h7xx_hal_rcc_ex.c...
compiling stm32h7xx_hal_gpio.c...
compiling stm32h7xx_hal_hsem.c...
compiling stm32h7xx_hal_mdma.c...
compiling stm32h7xx_hal_pwr.c...
compiling stm32h7xx_hal_dma_ex.c...
compiling stm32h7xx_hal_pwr_ex.c...
compiling stm32h7xx_hal_dma.c...
compiling stm32h7xx_hal_cortex.c...
compiling stm32h7xx_hal.c...
compiling stm32h7xx_hal_i2c_ex.c...
compiling stm32h7xx_hal_exti.c...
compiling stm32h7xx_hal_i2c.c...
compiling stm32h7xx_hal_tim_ex.c...
compiling stm32h7xx_hal_tim.c...
compiling stm32h7xx_hal_uart.c...
compiling stm32h7xx_hal_uart_ex.c...
compiling ntc_control.c...
compiling system_stm32h7xx.c...
compiling oxygen.c...
compiling ph.c...
Task\Src\ph.c(52): warning:  #870-D: invalid multibyte character sequence
          printf("Invalid pH messageï¼?0x%02X 0x%02X 0x%02X\r\n", rx_data3[0], rx_data3[1], rx_data3[2]);
Task\Src\ph.c: 1 warning, 0 errors
compiling pid.c...
compiling relay.c...
compiling pump.c...
compiling temperature.c...
compiling stir.c...
linking...
Program Size: Code=39550 RO-data=1142 RW-data=88 ZI-data=6096  
FromELF: creating hex file...
"CONTROL_1\CONTROL_1.axf" - 0 Error(s), 1 Warning(s).

<h2>Software Packages used:</h2>

Package Vendor: ARM
                http://www.keil.com/pack/ARM.CMSIS.5.4.0.pack
                ARM.CMSIS.5.4.0
                CMSIS (Cortex Microcontroller Software Interface Standard)
   * Component: CORE Version: 5.1.2

Package Vendor: Keil
                http://www.keil.com/pack/Keil.STM32H7xx_DFP.3.0.0.pack
                Keil.STM32H7xx_DFP.3.0.0
                STMicroelectronics STM32H7 Series Device Support and Examples

<h2>Collection of Component include folders:</h2>
  ./RTE/_CONTROL_1
  D:/Keil_v5/ARM/PACK/ARM/CMSIS/5.4.0/CMSIS/Core/Include
  D:/Keil_v5/ARM/PACK/Keil/STM32H7xx_DFP/3.0.0/Drivers/CMSIS/Device/ST/STM32H7xx/Include

<h2>Collection of Component Files used:</h2>

   * Component: ARM::CMSIS:CORE:5.1.2
Build Time Elapsed:  00:02:46
</pre>
</body>
</html>
