Component: ARM Compiler 5.06 update 6 (build 750) Tool: armlink [4d35ed]

==============================================================================

Section Cross References

    startup_stm32h750xx.o(STACK) refers (Special) to heapauxi.o(.text) for __use_two_region_memory
    startup_stm32h750xx.o(HEAP) refers (Special) to heapauxi.o(.text) for __use_two_region_memory
    startup_stm32h750xx.o(RESET) refers (Special) to heapauxi.o(.text) for __use_two_region_memory
    startup_stm32h750xx.o(RESET) refers to startup_stm32h750xx.o(STACK) for __initial_sp
    startup_stm32h750xx.o(RESET) refers to startup_stm32h750xx.o(.text) for Reset_Handler
    startup_stm32h750xx.o(RESET) refers to stm32h7xx_it_1.o(i.NMI_Handler) for NMI_Handler
    startup_stm32h750xx.o(RESET) refers to stm32h7xx_it_1.o(i.HardFault_Handler) for HardFault_Handler
    startup_stm32h750xx.o(RESET) refers to stm32h7xx_it_1.o(i.MemManage_Handler) for MemManage_Handler
    startup_stm32h750xx.o(RESET) refers to stm32h7xx_it_1.o(i.BusFault_Handler) for BusFault_Handler
    startup_stm32h750xx.o(RESET) refers to stm32h7xx_it_1.o(i.UsageFault_Handler) for UsageFault_Handler
    startup_stm32h750xx.o(RESET) refers to stm32h7xx_it_1.o(i.SVC_Handler) for SVC_Handler
    startup_stm32h750xx.o(RESET) refers to stm32h7xx_it_1.o(i.DebugMon_Handler) for DebugMon_Handler
    startup_stm32h750xx.o(RESET) refers to stm32h7xx_it_1.o(i.PendSV_Handler) for PendSV_Handler
    startup_stm32h750xx.o(RESET) refers to stm32h7xx_it_1.o(i.SysTick_Handler) for SysTick_Handler
    startup_stm32h750xx.o(RESET) refers to stm32h7xx_it_1.o(i.DMA1_Stream0_IRQHandler) for DMA1_Stream0_IRQHandler
    startup_stm32h750xx.o(RESET) refers to stm32h7xx_it_1.o(i.DMA1_Stream1_IRQHandler) for DMA1_Stream1_IRQHandler
    startup_stm32h750xx.o(RESET) refers to stm32h7xx_it_1.o(i.DMA1_Stream2_IRQHandler) for DMA1_Stream2_IRQHandler
    startup_stm32h750xx.o(RESET) refers to stm32h7xx_it_1.o(i.DMA1_Stream3_IRQHandler) for DMA1_Stream3_IRQHandler
    startup_stm32h750xx.o(RESET) refers to stm32h7xx_it_1.o(i.DMA1_Stream4_IRQHandler) for DMA1_Stream4_IRQHandler
    startup_stm32h750xx.o(RESET) refers to stm32h7xx_it_1.o(i.DMA1_Stream5_IRQHandler) for DMA1_Stream5_IRQHandler
    startup_stm32h750xx.o(RESET) refers to stm32h7xx_it_1.o(i.DMA1_Stream6_IRQHandler) for DMA1_Stream6_IRQHandler
    startup_stm32h750xx.o(RESET) refers to stm32h7xx_it_1.o(i.TIM4_IRQHandler) for TIM4_IRQHandler
    startup_stm32h750xx.o(RESET) refers to stm32h7xx_it_1.o(i.USART1_IRQHandler) for USART1_IRQHandler
    startup_stm32h750xx.o(RESET) refers to stm32h7xx_it_1.o(i.USART3_IRQHandler) for USART3_IRQHandler
    startup_stm32h750xx.o(RESET) refers to stm32h7xx_it_1.o(i.DMA1_Stream7_IRQHandler) for DMA1_Stream7_IRQHandler
    startup_stm32h750xx.o(RESET) refers to stm32h7xx_it_1.o(i.UART4_IRQHandler) for UART4_IRQHandler
    startup_stm32h750xx.o(RESET) refers to stm32h7xx_it_1.o(i.DMA2_Stream0_IRQHandler) for DMA2_Stream0_IRQHandler
    startup_stm32h750xx.o(RESET) refers to stm32h7xx_it_1.o(i.DMA2_Stream1_IRQHandler) for DMA2_Stream1_IRQHandler
    startup_stm32h750xx.o(RESET) refers to stm32h7xx_it_1.o(i.USART6_IRQHandler) for USART6_IRQHandler
    startup_stm32h750xx.o(RESET) refers to stm32h7xx_it_1.o(i.UART7_IRQHandler) for UART7_IRQHandler
    startup_stm32h750xx.o(.text) refers (Special) to heapauxi.o(.text) for __use_two_region_memory
    startup_stm32h750xx.o(.text) refers to system_stm32h7xx_1.o(i.ExitRun0Mode) for ExitRun0Mode
    startup_stm32h750xx.o(.text) refers to system_stm32h7xx_1.o(i.SystemInit) for SystemInit
    startup_stm32h750xx.o(.text) refers to __main.o(!!!main) for __main
    startup_stm32h750xx.o(.text) refers to startup_stm32h750xx.o(HEAP) for Heap_Mem
    startup_stm32h750xx.o(.text) refers to startup_stm32h750xx.o(STACK) for Stack_Mem
    main.o(i.SystemClock_Config) refers to rt_memclr_w.o(.text) for __aeabi_memclr4
    main.o(i.SystemClock_Config) refers to stm32h7xx_hal_pwr_ex.o(i.HAL_PWREx_ConfigSupply) for HAL_PWREx_ConfigSupply
    main.o(i.SystemClock_Config) refers to stm32h7xx_hal_rcc.o(i.HAL_RCC_OscConfig) for HAL_RCC_OscConfig
    main.o(i.SystemClock_Config) refers to stm32h7xx_hal_rcc.o(i.HAL_RCC_ClockConfig) for HAL_RCC_ClockConfig
    main.o(i._write) refers to stm32h7xx_hal.o(i.HAL_GetTick) for HAL_GetTick
    main.o(i._write) refers to rt_memcpy_v6.o(.text) for __aeabi_memcpy
    main.o(i._write) refers to stm32h7xx_hal_uart.o(i.HAL_UART_Transmit_DMA) for HAL_UART_Transmit_DMA
    main.o(i._write) refers to main.o(.data) for .data
    main.o(i._write) refers to main.o(.bss) for .bss
    main.o(i._write) refers to usart_1.o(.bss) for huart1
    main.o(i.main) refers to stm32h7xx_hal_cortex.o(i.HAL_MPU_Disable) for HAL_MPU_Disable
    main.o(i.main) refers to stm32h7xx_hal_cortex.o(i.HAL_MPU_ConfigRegion) for HAL_MPU_ConfigRegion
    main.o(i.main) refers to stm32h7xx_hal_cortex.o(i.HAL_MPU_Enable) for HAL_MPU_Enable
[...]
    EXTI2_IRQHandler                         0x0800038b   Thumb Code     0  startup_stm32h750xx.o(.text)
    EXTI3_IRQHandler                         0x0800038b   Thumb Code     0  startup_stm32h750xx.o(.text)
    EXTI4_IRQHandler                         0x0800038b   Thumb Code     0  startup_stm32h750xx.o(.text)
    EXTI9_5_IRQHandler                       0x0800038b   Thumb Code     0  startup_stm32h750xx.o(.text)
    FDCAN1_IT0_IRQHandler                    0x0800038b   Thumb Code     0  startup_stm32h750xx.o(.text)
    FDCAN1_IT1_IRQHandler                    0x0800038b   Thumb Code     0  startup_stm32h750xx.o(.text)
    FDCAN2_IT0_IRQHandler                    0x0800038b   Thumb Code     0  startup_stm32h750xx.o(.text)
    FDCAN2_IT1_IRQHandler                    0x0800038b   Thumb Code     0  startup_stm32h750xx.o(.text)
    FDCAN_CAL_IRQHandler                     0x0800038b   Thumb Code     0  startup_stm32h750xx.o(.text)
    FLASH_IRQHandler                         0x0800038b   Thumb Code     0  startup_stm32h750xx.o(.text)
    FMC_IRQHandler                           0x0800038b   Thumb Code     0  startup_stm32h750xx.o(.text)
    FPU_IRQHandler                           0x0800038b   Thumb Code     0  startup_stm32h750xx.o(.text)
    HASH_RNG_IRQHandler                      0x0800038b   Thumb Code     0  startup_stm32h750xx.o(.text)
    HRTIM1_FLT_IRQHandler                    0x0800038b   Thumb Code     0  startup_stm32h750xx.o(.text)
    HRTIM1_Master_IRQHandler                 0x0800038b   Thumb Code     0  startup_stm32h750xx.o(.text)
    HRTIM1_TIMA_IRQHandler                   0x0800038b   Thumb Code     0  startup_stm32h750xx.o(.text)
    HRTIM1_TIMB_IRQHandler                   0x0800038b   Thumb Code     0  startup_stm32h750xx.o(.text)
    HRTIM1_TIMC_IRQHandler                   0x0800038b   Thumb Code     0  startup_stm32h750xx.o(.text)
    HRTIM1_TIMD_IRQHandler                   0x0800038b   Thumb Code     0  startup_stm32h750xx.o(.text)
    HRTIM1_TIME_IRQHandler                   0x0800038b   Thumb Code     0  startup_stm32h750xx.o(.text)
    HSEM1_IRQHandler                         0x0800038b   Thumb Code     0  startup_stm32h750xx.o(.text)
    I2C1_ER_IRQHandler                       0x0800038b   Thumb Code     0  startup_stm32h750xx.o(.text)
    I2C1_EV_IRQHandler                       0x0800038b   Thumb Code     0  startup_stm32h750xx.o(.text)
    I2C2_ER_IRQHandler                       0x0800038b   Thumb Code     0  startup_stm32h750xx.o(.text)
    I2C2_EV_IRQHandler                       0x0800038b   Thumb Code     0  startup_stm32h750xx.o(.text)
    I2C3_ER_IRQHandler                       0x0800038b   Thumb Code     0  startup_stm32h750xx.o(.text)
    I2C3_EV_IRQHandler                       0x0800038b   Thumb Code     0  startup_stm32h750xx.o(.text)
    I2C4_ER_IRQHandler                       0x0800038b   Thumb Code     0  startup_stm32h750xx.o(.text)
    I2C4_EV_IRQHandler                       0x0800038b   Thumb Code     0  startup_stm32h750xx.o(.text)
    JPEG_IRQHandler                          0x0800038b   Thumb Code     0  startup_stm32h750xx.o(.text)
    LPTIM1_IRQHandler                        0x0800038b   Thumb Code     0  startup_stm32h750xx.o(.text)
    LPTIM2_IRQHandler                        0x0800038b   Thumb Code     0  startup_stm32h750xx.o(.text)
    LPTIM3_IRQHandler                        0x0800038b   Thumb Code     0  startup_stm32h750xx.o(.text)
    LPTIM4_IRQHandler                        0x0800038b   Thumb Code     0  startup_stm32h750xx.o(.text)
    LPTIM5_IRQHandler                        0x0800038b   Thumb Code     0  startup_stm32h750xx.o(.text)
    LPUART1_IRQHandler                       0x0800038b   Thumb Code     0  startup_stm32h750xx.o(.text)
    LTDC_ER_IRQHandler                       0x0800038b   Thumb Code     0  startup_stm32h750xx.o(.text)
    LTDC_IRQHandler                          0x0800038b   Thumb Code     0  startup_stm32h750xx.o(.text)
    MDIOS_IRQHandler                         0x0800038b   Thumb Code     0  startup_stm32h750xx.o(.text)
    MDIOS_WKUP_IRQHandler                    0x0800038b   Thumb Code     0  startup_stm32h750xx.o(.text)
    MDMA_IRQHandler                          0x0800038b   Thumb Code     0  startup_stm32h750xx.o(.text)
    OTG_FS_EP1_IN_IRQHandler                 0x0800038b   Thumb Code     0  startup_stm32h750xx.o(.text)
    OTG_FS_EP1_OUT_IRQHandler                0x0800038b   Thumb Code     0  startup_stm32h750xx.o(.text)
    OTG_FS_IRQHandler                        0x0800038b   Thumb Code     0  startup_stm32h750xx.o(.text)
    OTG_FS_WKUP_IRQHandler                   0x0800038b   Thumb Code     0  startup_stm32h750xx.o(.text)
    OTG_HS_EP1_IN_IRQHandler                 0x0800038b   Thumb Code     0  startup_stm32h750xx.o(.text)
    OTG_HS_EP1_OUT_IRQHandler                0x0800038b   Thumb Code     0  startup_stm32h750xx.o(.text)
    OTG_HS_IRQHandler                        0x0800038b   Thumb Code     0  startup_stm32h750xx.o(.text)
    OTG_HS_WKUP_IRQHandler                   0x0800038b   Thumb Code     0  startup_stm32h750xx.o(.text)
    PVD_AVD_IRQHandler                       0x0800038b   Thumb Code     0  startup_stm32h750xx.o(.text)
    QUADSPI_IRQHandler                       0x0800038b   Thumb Code     0  startup_stm32h750xx.o(.text)
    RCC_IRQHandler                           0x0800038b   Thumb Code     0  startup_stm32h750xx.o(.text)
    RTC_Alarm_IRQHandler                     0x0800038b   Thumb Code     0  startup_stm32h750xx.o(.text)
    RTC_WKUP_IRQHandler                      0x0800038b   Thumb Code     0  startup_stm32h750xx.o(.text)
    SAI1_IRQHandler                          0x0800038b   Thumb Code     0  startup_stm32h750xx.o(.text)
    SAI2_IRQHandler                          0x0800038b   Thumb Code     0  startup_stm32h750xx.o(.text)
    SAI3_IRQHandler                          0x0800038b   Thumb Code     0  startup_stm32h750xx.o(.text)
    SAI4_IRQHandler                          0x0800038b   Thumb Code     0  startup_stm32h750xx.o(.text)
    SDMMC1_IRQHandler                        0x0800038b   Thumb Code     0  startup_stm32h750xx.o(.text)
    SDMMC2_IRQHandler                        0x0800038b   Thumb Code     0  startup_stm32h750xx.o(.text)
    SPDIF_RX_IRQHandler                      0x0800038b   Thumb Code     0  startup_stm32h750xx.o(.text)
    SPI1_IRQHandler                          0x0800038b   Thumb Code     0  startup_stm32h750xx.o(.text)
    SPI2_IRQHandler                          0x0800038b   Thumb Code     0  startup_stm32h750xx.o(.text)
    SPI3_IRQHandler                          0x0800038b   Thumb Code     0  startup_stm32h750xx.o(.text)
    SPI4_IRQHandler                          0x0800038b   Thumb Code     0  startup_stm32h750xx.o(.text)
    SPI5_IRQHandler                          0x0800038b   Thumb Code     0  startup_stm32h750xx.o(.text)
    SPI6_IRQHandler                          0x0800038b   Thumb Code     0  startup_stm32h750xx.o(.text)
    SWPMI1_IRQHandler                        0x0800038b   Thumb Code     0  startup_stm32h750xx.o(.text)
    TAMP_STAMP_IRQHandler                    0x0800038b   Thumb Code     0  startup_stm32h750xx.o(.text)
    TIM15_IRQHandler                         0x0800038b   Thumb Code     0  startup_stm32h750xx.o(.text)
    TIM16_IRQHandler                         0x0800038b   Thumb Code     0  startup_stm32h750xx.o(.text)
    TIM17_IRQHandler                         0x0800038b   Thumb Code     0  startup_stm32h750xx.o(.text)
    TIM1_BRK_IRQHandler                      0x0800038b   Thumb Code     0  startup_stm32h750xx.o(.text)
    TIM1_CC_IRQHandler                       0x0800038b   Thumb Code     0  startup_stm32h750xx.o(.text)
    TIM1_TRG_COM_IRQHandler                  0x0800038b   Thumb Code     0  startup_stm32h750xx.o(.text)
    TIM1_UP_IRQHandler                       0x0800038b   Thumb Code     0  startup_stm32h750xx.o(.text)
    TIM2_IRQHandler                          0x0800038b   Thumb Code     0  startup_stm32h750xx.o(.text)
    TIM3_IRQHandler                          0x0800038b   Thumb Code     0  startup_stm32h750xx.o(.text)
    TIM5_IRQHandler                          0x0800038b   Thumb Code     0  startup_stm32h750xx.o(.text)
    TIM6_DAC_IRQHandler                      0x0800038b   Thumb Code     0  startup_stm32h750xx.o(.text)
    TIM7_IRQHandler                          0x0800038b   Thumb Code     0  startup_stm32h750xx.o(.text)
    TIM8_BRK_TIM12_IRQHandler                0x0800038b   Thumb Code     0  startup_stm32h750xx.o(.text)
    TIM8_CC_IRQHandler                       0x0800038b   Thumb Code     0  startup_stm32h750xx.o(.text)
    TIM8_TRG_COM_TIM14_IRQHandler            0x0800038b   Thumb Code     0  startup_stm32h750xx.o(.text)
    TIM8_UP_TIM13_IRQHandler                 0x0800038b   Thumb Code     0  startup_stm32h750xx.o(.text)
    UART5_IRQHandler                         0x0800038b   Thumb Code     0  startup_stm32h750xx.o(.text)
    UART8_IRQHandler                         0x0800038b   Thumb Code     0  startup_stm32h750xx.o(.text)
    USART2_IRQHandler                        0x0800038b   Thumb Code     0  startup_stm32h750xx.o(.text)
    WAKEUP_PIN_IRQHandler                    0x0800038b   Thumb Code     0  startup_stm32h750xx.o(.text)
    WWDG_IRQHandler                          0x0800038b   Thumb Code     0  startup_stm32h750xx.o(.text)
    __user_initial_stackheap                 0x0800038d   Thumb Code     0  startup_stm32h750xx.o(.text)
    __aeabi_uldivmod                         0x080003b5   Thumb Code     0  lludivv7m.o(.text)
    _ll_udiv                                 0x080003b5   Thumb Code   238  lludivv7m.o(.text)
    __2printf                                0x080004a5   Thumb Code    20  noretval__2printf.o(.text)
    __2snprintf                              0x080004bd   Thumb Code    48  noretval__2snprintf.o(.text)
    _printf_pre_padding                      0x080004f1   Thumb Code    44  _printf_pad.o(.text)
    _printf_post_padding                     0x0800051d   Thumb Code    34  _printf_pad.o(.text)
    _printf_str                              0x0800053f   Thumb Code    82  _printf_str.o(.text)
    _printf_int_hex                          0x08000591   Thumb Code    84  _printf_hex_int.o(.text)
    _printf_longlong_hex                     0x08000591   Thumb Code     0  _printf_hex_int.o(.text)
    __printf                                 0x080005e9   Thumb Code   308  __printf_flags_wp.o(.text)
    strlen                                   0x08000721   Thumb Code    62  strlen.o(.text)
    __aeabi_memcpy4                          0x0800075f   Thumb Code     0  rt_memcpy_w.o(.text)
    __aeabi_memcpy8                          0x0800075f   Thumb Code     0  rt_memcpy_w.o(.text)
    __rt_memcpy_w                            0x0800075f   Thumb Code   100  rt_memcpy_w.o(.text)
    _memcpy_lastbytes_aligned                0x080007a7   Thumb Code     0  rt_memcpy_w.o(.text)
    __aeabi_memclr4                          0x080007c3   Thumb Code     0  rt_memclr_w.o(.text)
    __aeabi_memclr8                          0x080007c3   Thumb Code     0  rt_memclr_w.o(.text)
    __rt_memclr_w                            0x080007c3   Thumb Code    78  rt_memclr_w.o(.text)
    _memset_w                                0x080007c7   Thumb Code     0  rt_memclr_w.o(.text)
    __use_two_region_memory                  0x08000811   Thumb Code     2  heapauxi.o(.text)
    __rt_heap_escrow                         0x08000813   Thumb Code     2  heapauxi.o(.text)
    __rt_heap_expand                         0x08000815   Thumb Code     2  heapauxi.o(.text)
    __read_errno                             0x08000817   Thumb Code    10  _rserrno.o(.text)
    __set_errno                              0x08000821   Thumb Code    12  _rserrno.o(.text)
    _printf_int_common                       0x0800082d   Thumb Code   178  _printf_intcommon.o(.text)
    __lib_sel_fp_printf                      0x080008df   Thumb Code     2  _printf_fp_dec.o(.text)
    _printf_fp_dec_real                      0x08000a91   Thumb Code   620  _printf_fp_dec.o(.text)
    _printf_char_common                      0x08000d07   Thumb Code    32  _printf_char_common.o(.text)
    _sputc                                   0x08000d2d   Thumb Code    10  _sputc.o(.text)
    _snputc                                  0x08000d37   Thumb Code    16  _snputc.o(.text)
    _printf_cs_common                        0x08000d47   Thumb Code    20  _printf_char.o(.text)
    _printf_char                             0x08000d5b   Thumb Code    16  _printf_char.o(.text)
    _printf_string                           0x08000d6b   Thumb Code     8  _printf_char.o(.text)
    _printf_char_file                        0x08000d75   Thumb Code    32  _printf_char_file.o(.text)
    __rt_locale                              0x08000d99   Thumb Code     8  rt_locale_intlibspace.o(.text)
    __aeabi_errno_addr                       0x08000da1   Thumb Code     8  rt_errno_addr_intlibspace.o(.text)
    __errno$intlibspace                      0x08000da1   Thumb Code     0  rt_errno_addr_intlibspace.o(.text)
    __rt_errno_addr$intlibspace              0x08000da1   Thumb Code     0  rt_errno_addr_intlibspace.o(.text)
    _ll_udiv10                               0x08000da9   Thumb Code   138  lludiv10.o(.text)
    _printf_fp_infnan                        0x08000e35   Thumb Code   112  _printf_fp_infnan.o(.text)
    _btod_etento                             0x08000eb5   Thumb Code   224  bigflt0.o(.text)
    ferror                                   0x08000f99   Thumb Code     8  ferror.o(.text)
    _initio                                  0x08000fa1   Thumb Code   210  initio.o(.text)
    _terminateio                             0x08001073   Thumb Code    56  initio.o(.text)
    _sys_open                                0x080010d9   Thumb Code    20  sys_io.o(.text)
    _sys_close                               0x080010ed   Thumb Code    12  sys_io.o(.text)
    _sys_write                               0x080010f9   Thumb Code    16  sys_io.o(.text)
    _sys_read                                0x08001109   Thumb Code    14  sys_io.o(.text)
    _sys_istty                               0x08001117   Thumb Code    12  sys_io.o(.text)
    _sys_seek                                0x08001123   Thumb Code    14  sys_io.o(.text)
    _sys_ensure                              0x08001131   Thumb Code     2  sys_io.o(.text)
    _sys_flen                                0x08001133   Thumb Code    12  sys_io.o(.text)
    __user_libspace                          0x08001141   Thumb Code     8  libspace.o(.text)
    __user_perproc_libspace                  0x08001141   Thumb Code     0  libspace.o(.text)
    __user_perthread_libspace                0x08001141   Thumb Code     0  libspace.o(.text)
    __user_setup_stackheap                   0x08001149   Thumb Code    74  sys_stackheap_outer.o(.text)
    free                                     0x08001193   Thumb Code    78  h1_free.o(.text)
    __flsbuf                                 0x080011e1   Thumb Code   470  flsbuf.o(.text)
    __flsbuf_byte                            0x080011e1   Thumb Code     0  flsbuf.o(.text)
    __flsbuf_wide                            0x080011e1   Thumb Code     0  flsbuf.o(.text)
    setvbuf                                  0x080013b7   Thumb Code    70  setvbuf.o(.text)
    freopen                                  0x080013fd   Thumb Code   158  fopen.o(.text)
    fopen                                    0x0800149b   Thumb Code    74  fopen.o(.text)
    _fclose_internal                         0x080014e9   Thumb Code    76  fclose.o(.text)
    fclose                                   0x080014e9   Thumb Code     0  fclose.o(.text)
    exit                                     0x08001535   Thumb Code    18  exit.o(.text)
    __rt_SIGRTRED                            0x08001547   Thumb Code    14  defsig_rtred_outer.o(.text)
    strcmp                                   0x08001555   Thumb Code   104  strcmpv7m_pel.o(.text)
    __I$use$semihosting                      0x080015bd   Thumb Code     0  use_no_semi.o(.text)
    __use_no_semihosting_swi                 0x080015bd   Thumb Code     2  use_no_semi.o(.text)
    __semihosting_library_function           0x080015bf   Thumb Code     0  indicate_semi.o(.text)
    __rt_heap_descriptor                     0x080015c1   Thumb Code     8  rt_heap_descriptor_intlibspace.o(.text)
    __use_no_heap                            0x080015c9   Thumb Code     2  hguard.o(.text)
    __heap$guard                             0x080015cb   Thumb Code     2  hguard.o(.text)
    _terminate_user_alloc                    0x080015cd   Thumb Code     2  init_alloc.o(.text)
    _init_user_alloc                         0x080015cf   Thumb Code     2  init_alloc.o(.text)
    __Heap_Full                              0x080015d1   Thumb Code    34  init_alloc.o(.text)
    __Heap_Broken                            0x080015f3   Thumb Code     6  init_alloc.o(.text)
    _init_alloc                              0x080015f9   Thumb Code    94  init_alloc.o(.text)
    malloc                                   0x08001657   Thumb Code    94  h1_alloc.o(.text)
    _fseek                                   0x080016b5   Thumb Code   242  fseek.o(.text)
    fseek                                    0x080016b5   Thumb Code     0  fseek.o(.text)
    _seterr                                  0x080017ad   Thumb Code    20  stdio.o(.text)
    _writebuf                                0x080017c1   Thumb Code    84  stdio.o(.text)
    _fflush                                  0x08001815   Thumb Code    70  stdio.o(.text)
    _deferredlazyseek                        0x0800185b   Thumb Code    60  stdio.o(.text)
    __sig_exit                               0x0800189d   Thumb Code    10  defsig_exit.o(.text)
    __rt_SIGRTRED_inner                      0x080018a9   Thumb Code    14  defsig_rtred_inner.o(.text)
    _sys_exit                                0x080018dd   Thumb Code     8  sys_exit.o(.text)
    __Heap_Initialize                        0x080018e9   Thumb Code    10  h1_init.o(.text)
    __Heap_DescSize                          0x080018f3   Thumb Code     4  h1_init.o(.text)
    __Heap_ProvideMemory                     0x080018f7   Thumb Code    52  h1_extend.o(.text)
    _ftell_internal                          0x0800192b   Thumb Code    66  ftell.o(.text)
    ftell                                    0x0800192b   Thumb Code     0  ftell.o(.text)
    __default_signal_display                 0x0800196d   Thumb Code    50  defsig_general.o(.text)
    __rt_SIGRTMEM                            0x0800199f   Thumb Code    14  defsig_rtmem_outer.o(.text)
    _ttywrch                                 0x080019ad   Thumb Code    14  sys_wrch.o(.text)
    __rt_SIGRTMEM_inner                      0x080019bd   Thumb Code    22  defsig_rtmem_inner.o(.text)
    _btod_d2e                                0x08001a0d   Thumb Code    62  btod.o(CL$$btod_d2e)
    _d2e_denorm_low                          0x08001a4b   Thumb Code    70  btod.o(CL$$btod_d2e_denorm_low)
    _d2e_norm_op1                            0x08001a91   Thumb Code    96  btod.o(CL$$btod_d2e_norm_op1)
    __btod_div_common                        0x08001af1   Thumb Code   696  btod.o(CL$$btod_div_common)
    _e2e                                     0x08001e29   Thumb Code   220  btod.o(CL$$btod_e2e)
    _btod_ediv                               0x08001f05   Thumb Code    42  btod.o(CL$$btod_ediv)
    _btod_emul                               0x08001f2f   Thumb Code    42  btod.o(CL$$btod_emul)
    __btod_mult_common                       0x08001f59   Thumb Code   580  btod.o(CL$$btod_mult_common)
    ADC_ConfigureBoostMode                   0x0800219d   Thumb Code   236  stm32h7xx_hal_adc.o(i.ADC_ConfigureBoostMode)
    ADC_ConversionStop                       0x080022a5   Thumb Code   220  stm32h7xx_hal_adc.o(i.ADC_ConversionStop)
    ADC_Disable                              0x08002389   Thumb Code   106  stm32h7xx_hal_adc.o(i.ADC_Disable)
    ADC_Enable                               0x080023f9   Thumb Code   148  stm32h7xx_hal_adc.o(i.ADC_Enable)
    BusFault_Handler                         0x080024a1   Thumb Code     2  stm32h7xx_it_1.o(i.BusFault_Handler)
    DMA1_Stream0_IRQHandler                  0x080024a5   Thumb Code     6  stm32h7xx_it_1.o(i.DMA1_Stream0_IRQHandler)
    DMA1_Stream1_IRQHandler                  0x080024b1   Thumb Code     6  stm32h7xx_it_1.o(i.DMA1_Stream1_IRQHandler)
    DMA1_Stream2_IRQHandler                  0x080024bd   Thumb Code     6  stm32h7xx_it_1.o(i.DMA1_Stream2_IRQHandler)
    DMA1_Stream3_IRQHandler                  0x080024c9   Thumb Code     6  stm32h7xx_it_1.o(i.DMA1_Stream3_IRQHandler)
    DMA1_Stream4_IRQHandler                  0x080024d5   Thumb Code     6  stm32h7xx_it_1.o(i.DMA1_Stream4_IRQHandler)
    DMA1_Stream5_IRQHandler                  0x080024e1   Thumb Code     6  stm32h7xx_it_1.o(i.DMA1_Stream5_IRQHandler)
    DMA1_Stream6_IRQHandler                  0x080024ed   Thumb Code     6  stm32h7xx_it_1.o(i.DMA1_Stream6_IRQHandler)
    DMA1_Stream7_IRQHandler                  0x080024f9   Thumb Code     6  stm32h7xx_it_1.o(i.DMA1_Stream7_IRQHandler)
    DMA2_Stream0_IRQHandler                  0x08002505   Thumb Code     6  stm32h7xx_it_1.o(i.DMA2_Stream0_IRQHandler)
    DMA2_Stream1_IRQHandler                  0x08002511   Thumb Code     6  stm32h7xx_it_1.o(i.DMA2_Stream1_IRQHandler)
    DebugMon_Handler                         0x08002955   Thumb Code     2  stm32h7xx_it_1.o(i.DebugMon_Handler)
    Error_Handler                            0x08002957   Thumb Code     4  main.o(i.Error_Handler)
    ExitRun0Mode                             0x0800295d   Thumb Code    22  system_stm32h7xx_1.o(i.ExitRun0Mode)
    Get_Sign                                 0x08002979   Thumb Code   196  stir.o(i.Get_Sign)
    HAL_ADC_ConfigChannel                    0x08002a59   Thumb Code   946  stm32h7xx_hal_adc.o(i.HAL_ADC_ConfigChannel)
    HAL_ADC_GetValue                         0x08002e79   Thumb Code     6  stm32h7xx_hal_adc.o(i.HAL_ADC_GetValue)
    HAL_ADC_Init                             0x08002e81   Thumb Code   498  stm32h7xx_hal_adc.o(i.HAL_ADC_Init)
    HAL_ADC_MspInit                          0x080030a9   Thumb Code   134  adc_1.o(i.HAL_ADC_MspInit)
    HAL_ADC_PollForConversion                0x0800313d   Thumb Code   274  stm32h7xx_hal_adc.o(i.HAL_ADC_PollForConversion)
    HAL_ADC_Start                            0x08003261   Thumb Code   242  stm32h7xx_hal_adc.o(i.HAL_ADC_Start)
    HAL_ADC_Stop                             0x08003369   Thumb Code    62  stm32h7xx_hal_adc.o(i.HAL_ADC_Stop)
    HAL_DMA_Abort                            0x080033a9   Thumb Code   836  stm32h7xx_hal_dma.o(i.HAL_DMA_Abort)
    HAL_DMA_Abort_IT                         0x08003709   Thumb Code   602  stm32h7xx_hal_dma.o(i.HAL_DMA_Abort_IT)
    HAL_DMA_IRQHandler                       0x0800398d   Thumb Code  1756  stm32h7xx_hal_dma.o(i.HAL_DMA_IRQHandler)
    HAL_DMA_Init                             0x08004075   Thumb Code   926  stm32h7xx_hal_dma.o(i.HAL_DMA_Init)
    HAL_DMA_Start_IT                         0x08004439   Thumb Code   628  stm32h7xx_hal_dma.o(i.HAL_DMA_Start_IT)
    HAL_Delay                                0x080046d5   Thumb Code    32  stm32h7xx_hal.o(i.HAL_Delay)
    HAL_GPIO_Init                            0x080046f9   Thumb Code   506  stm32h7xx_hal_gpio.o(i.HAL_GPIO_Init)
    HAL_GPIO_WritePin                        0x08004925   Thumb Code    10  stm32h7xx_hal_gpio.o(i.HAL_GPIO_WritePin)
    HAL_GetREVID                             0x08004931   Thumb Code     8  stm32h7xx_hal.o(i.HAL_GetREVID)
    HAL_GetTick                              0x0800493d   Thumb Code     6  stm32h7xx_hal.o(i.HAL_GetTick)
    HAL_IncTick                              0x08004949   Thumb Code    12  stm32h7xx_hal.o(i.HAL_IncTick)
    HAL_Init                                 0x08004959   Thumb Code    74  stm32h7xx_hal.o(i.HAL_Init)
    HAL_InitTick                             0x080049b5   Thumb Code    56  stm32h7xx_hal.o(i.HAL_InitTick)
    HAL_MPU_ConfigRegion                     0x080049f5   Thumb Code    86  stm32h7xx_hal_cortex.o(i.HAL_MPU_ConfigRegion)
    HAL_MPU_Disable                          0x08004a51   Thumb Code    24  stm32h7xx_hal_cortex.o(i.HAL_MPU_Disable)
    HAL_MPU_Enable                           0x08004a6d   Thumb Code    30  stm32h7xx_hal_cortex.o(i.HAL_MPU_Enable)
    HAL_MspInit                              0x08004a91   Thumb Code    22  stm32h7xx_hal_msp_1.o(i.HAL_MspInit)
    HAL_NVIC_EnableIRQ                       0x08004aad   Thumb Code    26  stm32h7xx_hal_cortex.o(i.HAL_NVIC_EnableIRQ)
    HAL_NVIC_SetPriority                     0x08004ac9   Thumb Code    60  stm32h7xx_hal_cortex.o(i.HAL_NVIC_SetPriority)
    HAL_NVIC_SetPriorityGrouping             0x08004b09   Thumb Code    28  stm32h7xx_hal_cortex.o(i.HAL_NVIC_SetPriorityGrouping)
    HAL_PWREx_ConfigSupply                   0x08004b2d   Thumb Code    78  stm32h7xx_hal_pwr_ex.o(i.HAL_PWREx_ConfigSupply)
    HAL_RCCEx_GetD3PCLK1Freq                 0x08004b81   Thumb Code    26  stm32h7xx_hal_rcc_ex.o(i.HAL_RCCEx_GetD3PCLK1Freq)
    HAL_RCCEx_GetPLL1ClockFreq               0x08004ba5   Thumb Code   298  stm32h7xx_hal_rcc_ex.o(i.HAL_RCCEx_GetPLL1ClockFreq)
    HAL_RCCEx_GetPLL2ClockFreq               0x08004ced   Thumb Code   296  stm32h7xx_hal_rcc_ex.o(i.HAL_RCCEx_GetPLL2ClockFreq)
    HAL_RCCEx_GetPLL3ClockFreq               0x08004e31   Thumb Code   296  stm32h7xx_hal_rcc_ex.o(i.HAL_RCCEx_GetPLL3ClockFreq)
    HAL_RCCEx_GetPeriphCLKFreq               0x08004f75   Thumb Code   692  stm32h7xx_hal_rcc_ex.o(i.HAL_RCCEx_GetPeriphCLKFreq)
    HAL_RCCEx_PeriphCLKConfig                0x0800523d   Thumb Code  2472  stm32h7xx_hal_rcc_ex.o(i.HAL_RCCEx_PeriphCLKConfig)
    HAL_RCC_ClockConfig                      0x08005be9   Thumb Code   580  stm32h7xx_hal_rcc.o(i.HAL_RCC_ClockConfig)
    HAL_RCC_GetHCLKFreq                      0x08005e45   Thumb Code    52  stm32h7xx_hal_rcc.o(i.HAL_RCC_GetHCLKFreq)
    HAL_RCC_GetPCLK1Freq                     0x08005e89   Thumb Code    26  stm32h7xx_hal_rcc.o(i.HAL_RCC_GetPCLK1Freq)
    HAL_RCC_GetPCLK2Freq                     0x08005ead   Thumb Code    26  stm32h7xx_hal_rcc.o(i.HAL_RCC_GetPCLK2Freq)
    HAL_RCC_GetSysClockFreq                  0x08005ed1   Thumb Code   278  stm32h7xx_hal_rcc.o(i.HAL_RCC_GetSysClockFreq)
    HAL_RCC_OscConfig                        0x08006009   Thumb Code  1410  stm32h7xx_hal_rcc.o(i.HAL_RCC_OscConfig)
    HAL_SYSTICK_Config                       0x0800658b   Thumb Code    38  stm32h7xx_hal_cortex.o(i.HAL_SYSTICK_Config)
    HAL_TIMEx_Break2Callback                 0x080065b1   Thumb Code     2  stm32h7xx_hal_tim_ex.o(i.HAL_TIMEx_Break2Callback)
    HAL_TIMEx_BreakCallback                  0x080065b3   Thumb Code     2  stm32h7xx_hal_tim_ex.o(i.HAL_TIMEx_BreakCallback)
    HAL_TIMEx_CommutCallback                 0x080065b5   Thumb Code     2  stm32h7xx_hal_tim_ex.o(i.HAL_TIMEx_CommutCallback)
    HAL_TIMEx_MasterConfigSynchronization    0x080065b9   Thumb Code   134  stm32h7xx_hal_tim_ex.o(i.HAL_TIMEx_MasterConfigSynchronization)
    HAL_TIM_Base_Init                        0x0800665d   Thumb Code    98  stm32h7xx_hal_tim.o(i.HAL_TIM_Base_Init)
    HAL_TIM_Base_MspInit                     0x080066c1   Thumb Code    50  tim_1.o(i.HAL_TIM_Base_MspInit)
    HAL_TIM_ConfigClockSource                0x080066fd   Thumb Code   248  stm32h7xx_hal_tim.o(i.HAL_TIM_ConfigClockSource)
    HAL_TIM_IC_CaptureCallback               0x080067f9   Thumb Code     2  stm32h7xx_hal_tim.o(i.HAL_TIM_IC_CaptureCallback)
    HAL_TIM_IRQHandler                       0x080067fb   Thumb Code   328  stm32h7xx_hal_tim.o(i.HAL_TIM_IRQHandler)
    HAL_TIM_OC_DelayElapsedCallback          0x08006943   Thumb Code     2  stm32h7xx_hal_tim.o(i.HAL_TIM_OC_DelayElapsedCallback)
    HAL_TIM_PWM_PulseFinishedCallback        0x08006945   Thumb Code     2  stm32h7xx_hal_tim.o(i.HAL_TIM_PWM_PulseFinishedCallback)
    HAL_TIM_PeriodElapsedCallback            0x08006947   Thumb Code     2  stm32h7xx_hal_tim.o(i.HAL_TIM_PeriodElapsedCallback)
    HAL_TIM_TriggerCallback                  0x08006949   Thumb Code     2  stm32h7xx_hal_tim.o(i.HAL_TIM_TriggerCallback)
    HAL_UARTEx_DisableFifoMode               0x0800694b   Thumb Code    64  stm32h7xx_hal_uart_ex.o(i.HAL_UARTEx_DisableFifoMode)
    HAL_UARTEx_ReceiveToIdle_DMA             0x0800698b   Thumb Code    74  stm32h7xx_hal_uart_ex.o(i.HAL_UARTEx_ReceiveToIdle_DMA)
    HAL_UARTEx_RxEventCallback               0x080069d5   Thumb Code    46  usart_1.o(i.HAL_UARTEx_RxEventCallback)
    HAL_UARTEx_RxFifoFullCallback            0x08006a25   Thumb Code     2  stm32h7xx_hal_uart_ex.o(i.HAL_UARTEx_RxFifoFullCallback)
    HAL_UARTEx_SetRxFifoThreshold            0x08006a27   Thumb Code    76  stm32h7xx_hal_uart_ex.o(i.HAL_UARTEx_SetRxFifoThreshold)
    HAL_UARTEx_SetTxFifoThreshold            0x08006a73   Thumb Code    76  stm32h7xx_hal_uart_ex.o(i.HAL_UARTEx_SetTxFifoThreshold)
    HAL_UARTEx_TxFifoEmptyCallback           0x08006abf   Thumb Code     2  stm32h7xx_hal_uart_ex.o(i.HAL_UARTEx_TxFifoEmptyCallback)
    HAL_UARTEx_WakeupCallback                0x08006ac1   Thumb Code     2  stm32h7xx_hal_uart_ex.o(i.HAL_UARTEx_WakeupCallback)
    HAL_UART_ErrorCallback                   0x08006ac3   Thumb Code     2  stm32h7xx_hal_uart.o(i.HAL_UART_ErrorCallback)
    HAL_UART_IRQHandler                      0x08006ac5   Thumb Code   898  stm32h7xx_hal_uart.o(i.HAL_UART_IRQHandler)
    HAL_UART_Init                            0x08006e61   Thumb Code   106  stm32h7xx_hal_uart.o(i.HAL_UART_Init)
    HAL_UART_MspInit                         0x08006ecd   Thumb Code  1276  usart_1.o(i.HAL_UART_MspInit)
    HAL_UART_RxCpltCallback                  0x080073d5   Thumb Code     2  stm32h7xx_hal_uart.o(i.HAL_UART_RxCpltCallback)
    HAL_UART_RxHalfCpltCallback              0x080073d7   Thumb Code     2  stm32h7xx_hal_uart.o(i.HAL_UART_RxHalfCpltCallback)
    HAL_UART_Transmit                        0x080073d9   Thumb Code   176  stm32h7xx_hal_uart.o(i.HAL_UART_Transmit)
    HAL_UART_Transmit_DMA                    0x08007489   Thumb Code   132  stm32h7xx_hal_uart.o(i.HAL_UART_Transmit_DMA)
    HAL_UART_TxCpltCallback                  0x08007519   Thumb Code    60  usart_1.o(i.HAL_UART_TxCpltCallback)
    HAL_UART_TxHalfCpltCallback              0x0800757d   Thumb Code     2  stm32h7xx_hal_uart.o(i.HAL_UART_TxHalfCpltCallback)
    HardFault_Handler                        0x0800757f   Thumb Code     2  stm32h7xx_it_1.o(i.HardFault_Handler)
    MX_ADC2_Init                             0x080075a1   Thumb Code   110  adc_1.o(i.MX_ADC2_Init)
    MX_DMA_Init                              0x0800761d   Thumb Code   200  dma_1.o(i.MX_DMA_Init)
    MX_GPIO_Init                             0x080076e9   Thumb Code   200  gpio_1.o(i.MX_GPIO_Init)
    MX_TIM4_Init                             0x080077bd   Thumb Code    96  tim_1.o(i.MX_TIM4_Init)
    MX_UART4_Init                            0x08007825   Thumb Code    94  usart_1.o(i.MX_UART4_Init)
    MX_UART7_Init                            0x0800788d   Thumb Code    94  usart_1.o(i.MX_UART7_Init)
    MX_USART1_UART_Init                      0x080078f5   Thumb Code    94  usart_1.o(i.MX_USART1_UART_Init)
    MX_USART3_UART_Init                      0x0800795d   Thumb Code    94  usart_1.o(i.MX_USART3_UART_Init)
    MX_USART6_UART_Init                      0x080079c5   Thumb Code    94  usart_1.o(i.MX_USART6_UART_Init)
    MemManage_Handler                        0x08007a2d   Thumb Code     2  stm32h7xx_it_1.o(i.MemManage_Handler)
    NMI_Handler                              0x08007a2f   Thumb Code     2  stm32h7xx_it_1.o(i.NMI_Handler)
    NTC_Control_Init                         0x08007a31   Thumb Code   112  ntc_control.o(i.NTC_Control_Init)
    NTC_Control_Update                       0x08007ae9   Thumb Code   160  ntc_control.o(i.NTC_Control_Update)
    Oxygen_Get                               0x08007bd1   Thumb Code    42  oxygen.o(i.Oxygen_Get)
    Oxygen_Init                              0x08007c11   Thumb Code   192  oxygen.o(i.Oxygen_Init)
    Oxygen_Read                              0x08007ced   Thumb Code    34  oxygen.o(i.Oxygen_Read)
    Oxygen_Task                              0x08007d25   Thumb Code    74  oxygen.o(i.Oxygen_Task)
    PID_AutoTune                             0x08007d7d   Thumb Code   544  pid.o(i.PID_AutoTune)
    PID_Init                                 0x080080a5   Thumb Code    30  pid.o(i.PID_Init)
    PID_Task                                 0x080080c9   Thumb Code   240  pid.o(i.PID_Task)
    PendSV_Handler                           0x080081c5   Thumb Code     2  stm32h7xx_it_1.o(i.PendSV_Handler)
    Read_Temperature                         0x08008409   Thumb Code   200  temperature.o(i.Read_Temperature)
    Relay_Init                               0x08008509   Thumb Code     4  relay.o(i.Relay_Init)
    Relay_Off                                0x0800850d   Thumb Code    22  relay.o(i.Relay_Off)
    Relay_On                                 0x08008549   Thumb Code    22  relay.o(i.Relay_On)
    Relay_Switch                             0x0800857d   Thumb Code    26  relay.o(i.Relay_Switch)
    SVC_Handler                              0x080085c9   Thumb Code     2  stm32h7xx_it_1.o(i.SVC_Handler)
    SpeedMode                                0x080085cd   Thumb Code   196  stir.o(i.SpeedMode)
    Start_PUMP                               0x080086ad   Thumb Code   200  pump.o(i.Start_PUMP)
    Stop_PUMP                                0x0800879d   Thumb Code   194  pump.o(i.Stop_PUMP)
    SysTick_Handler                          0x08008885   Thumb Code     4  stm32h7xx_it_1.o(i.SysTick_Handler)
    SystemClock_Config                       0x08008889   Thumb Code   146  main.o(i.SystemClock_Config)
    SystemInit                               0x08008929   Thumb Code   206  system_stm32h7xx_1.o(i.SystemInit)
    TIM4_IRQHandler                          0x08008a21   Thumb Code     6  stm32h7xx_it_1.o(i.TIM4_IRQHandler)
    TIM_Base_SetConfig                       0x08008a2d   Thumb Code   170  stm32h7xx_hal_tim.o(i.TIM_Base_SetConfig)
    TIM_ETR_SetConfig                        0x08008af9   Thumb Code    18  stm32h7xx_hal_tim.o(i.TIM_ETR_SetConfig)
    Task_PH                                  0x08008b69   Thumb Code   220  ph.o(i.Task_PH)
    UART4_IRQHandler                         0x08008c71   Thumb Code     6  stm32h7xx_it_1.o(i.UART4_IRQHandler)
    UART7_IRQHandler                         0x08008c7d   Thumb Code     6  stm32h7xx_it_1.o(i.UART7_IRQHandler)
    UART_AdvFeatureConfig                    0x08008ccd   Thumb Code   200  stm32h7xx_hal_uart.o(i.UART_AdvFeatureConfig)
    UART_CheckIdleState                      0x08008d95   Thumb Code   170  stm32h7xx_hal_uart.o(i.UART_CheckIdleState)
    UART_SetConfig                           0x0800900d   Thumb Code   876  stm32h7xx_hal_uart.o(i.UART_SetConfig)
    UART_Start_Receive_DMA                   0x080093b9   Thumb Code   156  stm32h7xx_hal_uart.o(i.UART_Start_Receive_DMA)
    UART_WaitOnFlagUntilTimeout              0x08009461   Thumb Code   148  stm32h7xx_hal_uart.o(i.UART_WaitOnFlagUntilTimeout)
    USART1_IRQHandler                        0x080094f5   Thumb Code     6  stm32h7xx_it_1.o(i.USART1_IRQHandler)
    USART3_IRQHandler                        0x08009501   Thumb Code     6  stm32h7xx_it_1.o(i.USART3_IRQHandler)
    USART6_IRQHandler                        0x0800950d   Thumb Code     6  stm32h7xx_it_1.o(i.USART6_IRQHandler)
    UsageFault_Handler                       0x08009519   Thumb Code     2  stm32h7xx_it_1.o(i.UsageFault_Handler)
    __ARM_fpclassify                         0x0800951b   Thumb Code    48  fpclassify.o(i.__ARM_fpclassify)
    __hardfp_logf                            0x0800956d   Thumb Code   324  logf.o(i.__hardfp_logf)
    __mathlib_logf                           0x0800956d   Thumb Code     0  logf.o(i.__hardfp_logf)
    __mathlib_flt_divzero                    0x080096e9   Thumb Code    14  funder.o(i.__mathlib_flt_divzero)
    __mathlib_flt_infnan                     0x08009701   Thumb Code     6  funder.o(i.__mathlib_flt_infnan)
    __mathlib_flt_invalid                    0x08009709   Thumb Code    10  funder.o(i.__mathlib_flt_invalid)
    _is_digit                                0x08009719   Thumb Code    14  __printf_wp.o(i._is_digit)
    adjustPH                                 0x08009729   Thumb Code   126  ph.o(i.adjustPH)
    fputc                                    0x08009801   Thumb Code    26  fputc.o(i.fputc)
    main                                     0x0800981d   Thumb Code   780  main.o(i.main)
    readPH                                   0x08009b59   Thumb Code   142  ph.o(i.readPH)
    requestPH                                0x08009c75   Thumb Code    68  ph.o(i.requestPH)
    _get_lc_numeric                          0x08009cdd   Thumb Code    44  lc_numeric_c.o(locale$$code)
    _fp_init                                 0x08009d09   Thumb Code    10  fpinit.o(x$fpl$fpinit)
    __fplib_config_fpu_vfp                   0x08009d11   Thumb Code     0  fpinit.o(x$fpl$fpinit)
    __fplib_config_pureend_doubles           0x08009d11   Thumb Code     0  fpinit.o(x$fpl$fpinit)
    _printf_fp_dec                           0x08009d13   Thumb Code     4  printf1.o(x$fpl$printf1)
    __I$use$fp                               0x08009d16   Number         0  usenofp.o(x$fpl$usenofp)
    UARTPrescTable                           0x08009d1e   Data          24  stm32h7xx_hal_uart.o(.constdata)
    D1CorePrescTable                         0x08009d46   Data          16  system_stm32h7xx_1.o(.constdata)
    __stdin_name                             0x08009e64   Data           4  sys_io.o(.constdata)
    __stdout_name                            0x08009e68   Data           4  sys_io.o(.constdata)
    __stderr_name                            0x08009e6c   Data           4  sys_io.o(.constdata)
    Region$$Table$$Base                      0x08009eb8   Number         0  anon$$obj.o(Region$$Table)
    Region$$Table$$Limit                     0x08009ed8   Number         0  anon$$obj.o(Region$$Table)
    tx_busy                                  0x24000000   Data           1  main.o(.data)
    uwTickFreq                               0x24000010   Data           1  stm32h7xx_hal.o(.data)
    uwTickPrio                               0x24000014   Data           4  stm32h7xx_hal.o(.data)
    uwTick                                   0x24000018   Data           4  stm32h7xx_hal.o(.data)
    SystemCoreClock                          0x2400001c   Data           4  system_stm32h7xx_1.o(.data)
    SystemD2Clock                            0x24000020   Data           4  system_stm32h7xx_1.o(.data)
    tx_ox_flag                               0x24000024   Data           1  oxygen.o(.data)
    rx_ox_flag                               0x24000025   Data           1  oxygen.o(.data)
    pump_running                             0x24000028   Data           1  ph.o(.data)
    rx_ph_flag                               0x24000029   Data           1  ph.o(.data)
    tx_ph_flag                               0x2400002a   Data           1  ph.o(.data)
    ph_set                                   0x2400002c   Data           4  ph.o(.data)
    ph_current                               0x24000030   Data           4  ph.o(.data)
    ph_read                                  0x24000034   Data           4  ph.o(.data)
    deadband                                 0x24000038   Data           4  ph.o(.data)
    pump_start_time                          0x2400003c   Data           4  ph.o(.data)
    pump_stop_time                           0x24000040   Data           4  ph.o(.data)
    tx_pump_flag                             0x24000044   Data           1  pump.o(.data)
    rx_pump_flag                             0x24000045   Data           1  pump.o(.data)
    tx_stir_flag                             0x24000046   Data           1  stir.o(.data)
    rx_stir_flag                             0x24000047   Data           1  stir.o(.data)
    __aeabi_stdin                            0x2400004c   Data           4  stdio_streams.o(.data)
    __aeabi_stdout                           0x24000050   Data           4  stdio_streams.o(.data)
    __aeabi_stderr                           0x24000054   Data           4  stdio_streams.o(.data)
    hadc2                                    0x24000058   Data         100  adc_1.o(.bss)
    htim4                                    0x240000bc   Data          76  tim_1.o(.bss)
    huart4                                   0x24000108   Data         148  usart_1.o(.bss)
    huart7                                   0x2400019c   Data         148  usart_1.o(.bss)
    huart1                                   0x24000230   Data         148  usart_1.o(.bss)
    huart3                                   0x240002c4   Data         148  usart_1.o(.bss)
    huart6                                   0x24000358   Data         148  usart_1.o(.bss)
    hdma_uart4_rx                            0x240003ec   Data         120  usart_1.o(.bss)
    hdma_uart4_tx                            0x24000464   Data         120  usart_1.o(.bss)
    hdma_uart7_rx                            0x240004dc   Data         120  usart_1.o(.bss)
    hdma_uart7_tx                            0x24000554   Data         120  usart_1.o(.bss)
    hdma_usart1_rx                           0x240005cc   Data         120  usart_1.o(.bss)
    hdma_usart1_tx                           0x24000644   Data         120  usart_1.o(.bss)
    hdma_usart3_rx                           0x240006bc   Data         120  usart_1.o(.bss)
    hdma_usart3_tx                           0x24000734   Data         120  usart_1.o(.bss)
    hdma_usart6_rx                           0x240007ac   Data         120  usart_1.o(.bss)
    hdma_usart6_tx                           0x24000824   Data         120  usart_1.o(.bss)
    rx_data4                                 0x240008cc   Data         512  oxygen.o(.bss)
    rx_data3                                 0x24000acc   Data         512  ph.o(.bss)
    rx_data6                                 0x24000ccc   Data         512  pump.o(.bss)
    rx_data7                                 0x24000ecc   Data         512  stir.o(.bss)
    __stdin                                  0x240010cc   Data          84  stdio_streams.o(.bss)
    __stdout                                 0x24001120   Data          84  stdio_streams.o(.bss)
    __stderr                                 0x24001174   Data          84  stdio_streams.o(.bss)
    __libspace_start                         0x240011c8   Data          96  libspace.o(.bss)
    __temporary_stack_top$libspace           0x24001228   Data           0  libspace.o(.bss)



==============================================================================

Memory Map of the image

  Image Entry point : 0x08000299

  Load Region LR_IROM1 (Base: 0x08000000, Size: 0x00009f4c, Max: 0x00020000, ABSOLUTE)

    Execution Region ER_IROM1 (Exec base: 0x08000000, Load base: 0x08000000, Size: 0x00009ef4, Max: 0x00020000, ABSOLUTE)

    Exec Addr    Load Addr    Size         Type   Attr      Idx    E Section Name        Object

    0x08000000   0x08000000   0x00000298   Data   RO            3    RESET               startup_stm32h750xx.o
    0x08000298   0x08000298   0x00000008   Code   RO         5499  * !!!main             c_w.l(__main.o)
    0x080002a0   0x080002a0   0x00000034   Code   RO         5936    !!!scatter          c_w.l(__scatter.o)
    0x080002d4   0x080002d4   0x0000001a   Code   RO         5938    !!handler_copy      c_w.l(__scatter_copy.o)
    0x080002ee   0x080002ee   0x00000002   PAD
    0x080002f0   0x080002f0   0x0000001c   Code   RO         5940    !!handler_zi        c_w.l(__scatter_zi.o)
    0x0800030c   0x0800030c   0x00000000   Code   RO         5488    .ARM.Collect$$_printf_percent$$00000000  c_w.l(_printf_percent.o)
    0x0800030c   0x0800030c   0x00000006   Code   RO         5487    .ARM.Collect$$_printf_percent$$00000003  c_w.l(_printf_f.o)
    0x08000312   0x08000312   0x00000006   Code   RO         5486    .ARM.Collect$$_printf_percent$$0000000C  c_w.l(_printf_x.o)
    0x08000318   0x08000318   0x00000006   Code   RO         5485    .ARM.Collect$$_printf_percent$$00000014  c_w.l(_printf_s.o)
    0x0800031e   0x0800031e   0x00000004   Code   RO         5538    .ARM.Collect$$_printf_percent$$00000017  c_w.l(_printf_percent_end.o)
    0x08000322   0x08000322   0x00000002   Code   RO         5737    .ARM.Collect$$libinit$$00000000  c_w.l(libinit.o)
    0x08000324   0x08000324   0x00000004   Code   RO         5738    .ARM.Collect$$libinit$$00000001  c_w.l(libinit2.o)
    0x08000328   0x08000328   0x00000000   Code   RO         5741    .ARM.Collect$$libinit$$00000004  c_w.l(libinit2.o)
    0x08000328   0x08000328   0x00000008   Code   RO         5742    .ARM.Collect$$libinit$$00000005  c_w.l(libinit2.o)
    0x08000330   0x08000330   0x00000000   Code   RO         5744    .ARM.Collect$$libinit$$0000000A  c_w.l(libinit2.o)
    0x08000330   0x08000330   0x00000000   Code   RO         5746    .ARM.Collect$$libinit$$0000000C  c_w.l(libinit2.o)
    0x08000330   0x08000330   0x00000000   Code   RO         5748    .ARM.Collect$$libinit$$0000000E  c_w.l(libinit2.o)
    0x08000330   0x08000330   0x00000006   Code   RO         5749    .ARM.Collect$$libinit$$0000000F  c_w.l(libinit2.o)
    0x08000336   0x08000336   0x00000000   Code   RO         5751    .ARM.Collect$$libinit$$00000011  c_w.l(libinit2.o)
    0x08000336   0x08000336   0x00000000   Code   RO         5753    .ARM.Collect$$libinit$$00000013  c_w.l(libinit2.o)
    0x08000336   0x08000336   0x00000000   Code   RO         5755    .ARM.Collect$$libinit$$00000015  c_w.l(libinit2.o)
    0x08000336   0x08000336   0x0000000a   Code   RO         5756    .ARM.Collect$$libinit$$00000016  c_w.l(libinit2.o)
    0x08000340   0x08000340   0x00000000   Code   RO         5757    .ARM.Collect$$libinit$$00000017  c_w.l(libinit2.o)
    0x08000340   0x08000340   0x00000000   Code   RO         5759    .ARM.Collect$$libinit$$00000019  c_w.l(libinit2.o)
    0x08000340   0x08000340   0x00000000   Code   RO         5761    .ARM.Collect$$libinit$$0000001B  c_w.l(libinit2.o)
    0x08000340   0x08000340   0x00000000   Code   RO         5763    .ARM.Collect$$libinit$$0000001D  c_w.l(libinit2.o)
    0x08000340   0x08000340   0x00000000   Code   RO         5765    .ARM.Collect$$libinit$$0000001F  c_w.l(libinit2.o)
    0x08000340   0x08000340   0x00000000   Code   RO         5767    .ARM.Collect$$libinit$$00000021  c_w.l(libinit2.o)
    0x08000340   0x08000340   0x00000000   Code   RO         5769    .ARM.Collect$$libinit$$00000023  c_w.l(libinit2.o)
    0x08000340   0x08000340   0x00000004   Code   RO         5770    .ARM.Collect$$libinit$$00000024  c_w.l(libinit2.o)
    0x08000344   0x08000344   0x00000000   Code   RO         5771    .ARM.Collect$$libinit$$00000025  c_w.l(libinit2.o)
    0x08000344   0x08000344   0x00000000   Code   RO         5775    .ARM.Collect$$libinit$$0000002C  c_w.l(libinit2.o)
    0x08000344   0x08000344   0x00000000   Code   RO         5777    .ARM.Collect$$libinit$$0000002E  c_w.l(libinit2.o)
    0x08000344   0x08000344   0x00000000   Code   RO         5779    .ARM.Collect$$libinit$$00000030  c_w.l(libinit2.o)
    0x08000344   0x08000344   0x00000000   Code   RO         5781    .ARM.Collect$$libinit$$00000032  c_w.l(libinit2.o)
    0x08000344   0x08000344   0x00000002   Code   RO         5782    .ARM.Collect$$libinit$$00000033  c_w.l(libinit2.o)
    0x08000346   0x08000346   0x00000002   Code   RO         5917    .ARM.Collect$$libshutdown$$00000000  c_w.l(libshutdown.o)
    0x08000348   0x08000348   0x00000000   Code   RO         5784    .ARM.Collect$$libshutdown$$00000002  c_w.l(libshutdown2.o)
    0x08000348   0x08000348   0x00000004   Code   RO         5785    .ARM.Collect$$libshutdown$$00000003  c_w.l(libshutdown2.o)
    0x0800034c   0x0800034c   0x00000000   Code   RO         5786    .ARM.Collect$$libshutdown$$00000004  c_w.l(libshutdown2.o)
    0x0800034c   0x0800034c   0x00000000   Code   RO         5789    .ARM.Collect$$libshutdown$$00000007  c_w.l(libshutdown2.o)
    0x0800034c   0x0800034c   0x00000000   Code   RO         5792    .ARM.Collect$$libshutdown$$0000000A  c_w.l(libshutdown2.o)
    0x0800034c   0x0800034c   0x00000000   Code   RO         5794    .ARM.Collect$$libshutdown$$0000000C  c_w.l(libshutdown2.o)
    0x0800034c   0x0800034c   0x00000000   Code   RO         5797    .ARM.Collect$$libshutdown$$0000000F  c_w.l(libshutdown2.o)
    0x0800034c   0x0800034c   0x00000002   Code   RO         5798    .ARM.Collect$$libshutdown$$00000010  c_w.l(libshutdown2.o)
    0x0800034e   0x0800034e   0x00000000   Code   RO         5517    .ARM.Collect$$rtentry$$00000000  c_w.l(__rtentry.o)
    0x0800034e   0x0800034e   0x00000000   Code   RO         5561    .ARM.Collect$$rtentry$$00000002  c_w.l(__rtentry2.o)
    0x0800034e   0x0800034e   0x00000006   Code   RO         5573    .ARM.Collect$$rtentry$$00000004  c_w.l(__rtentry4.o)
    0x08000354   0x08000354   0x00000000   Code   RO         5563    .ARM.Collect$$rtentry$$00000009  c_w.l(__rtentry2.o)
    0x08000354   0x08000354   0x00000004   Code   RO         5564    .ARM.Collect$$rtentry$$0000000A  c_w.l(__rtentry2.o)
    0x08000358   0x08000358   0x00000000   Code   RO         5566    .ARM.Collect$$rtentry$$0000000C  c_w.l(__rtentry2.o)
    0x08000358   0x08000358   0x00000008   Code   RO         5567    .ARM.Collect$$rtentry$$0000000D  c_w.l(__rtentry2.o)
    0x08000360   0x08000360   0x00000002   Code   RO         5804    .ARM.Collect$$rtexit$$00000000  c_w.l(rtexit.o)
    0x08000362   0x08000362   0x00000000   Code   RO         5860    .ARM.Collect$$rtexit$$00000002  c_w.l(rtexit2.o)
    0x08000362   0x08000362   0x00000004   Code   RO         5861    .ARM.Collect$$rtexit$$00000003  c_w.l(rtexit2.o)
    0x08000366   0x08000366   0x00000006   Code   RO         5862    .ARM.Collect$$rtexit$$00000004  c_w.l(rtexit2.o)
    0x0800036c   0x0800036c   0x00000000   Code   RO         5866    .emb_text           c_w.l(maybetermalloc1.o)
    0x0800036c   0x0800036c   0x00000048   Code   RO            4    .text               startup_stm32h750xx.o
    0x080003b4   0x080003b4   0x000000ee   Code   RO         5428    .text               c_w.l(lludivv7m.o)
    0x080004a2   0x080004a2   0x00000002   PAD
    0x080004a4   0x080004a4   0x00000018   Code   RO         5434    .text               c_w.l(noretval__2printf.o)
    0x080004bc   0x080004bc   0x00000034   Code   RO         5436    .text               c_w.l(noretval__2snprintf.o)
    0x080004f0   0x080004f0   0x0000004e   Code   RO         5440    .text               c_w.l(_printf_pad.o)
    0x0800053e   0x0800053e   0x00000052   Code   RO         5442    .text               c_w.l(_printf_str.o)
    0x08000590   0x08000590   0x00000058   Code   RO         5447    .text               c_w.l(_printf_hex_int.o)
    0x080005e8   0x080005e8   0x00000138   Code   RO         5477    .text               c_w.l(__printf_flags_wp.o)
    0x08000720   0x08000720   0x0000003e   Code   RO         5489    .text               c_w.l(strlen.o)
    0x0800075e   0x0800075e   0x00000064   Code   RO         5493    .text               c_w.l(rt_memcpy_w.o)
    0x080007c2   0x080007c2   0x0000004e   Code   RO         5495    .text               c_w.l(rt_memclr_w.o)
    0x08000810   0x08000810   0x00000006   Code   RO         5497    .text               c_w.l(heapauxi.o)
    0x08000816   0x08000816   0x00000016   Code   RO         5522    .text               c_w.l(_rserrno.o)
    0x0800082c   0x0800082c   0x000000b2   Code   RO         5524    .text               c_w.l(_printf_intcommon.o)
    0x080008de   0x080008de   0x0000041e   Code   RO         5526    .text               c_w.l(_printf_fp_dec.o)
    0x08000cfc   0x08000cfc   0x00000030   Code   RO         5528    .text               c_w.l(_printf_char_common.o)
    0x08000d2c   0x08000d2c   0x0000000a   Code   RO         5530    .text               c_w.l(_sputc.o)
    0x08000d36   0x08000d36   0x00000010   Code   RO         5532    .text               c_w.l(_snputc.o)
    0x08000d46   0x08000d46   0x0000002c   Code   RO         5534    .text               c_w.l(_printf_char.o)
    0x08000d72   0x08000d72   0x00000002   PAD
    0x08000d74   0x08000d74   0x00000024   Code   RO         5536    .text               c_w.l(_printf_char_file.o)
    0x08000d98   0x08000d98   0x00000008   Code   RO         5580    .text               c_w.l(rt_locale_intlibspace.o)
    0x08000da0   0x08000da0   0x00000008   Code   RO         5585    .text               c_w.l(rt_errno_addr_intlibspace.o)
    0x08000da8   0x08000da8   0x0000008a   Code   RO         5587    .text               c_w.l(lludiv10.o)
    0x08000e32   0x08000e32   0x00000002   PAD
    0x08000e34   0x08000e34   0x00000080   Code   RO         5589    .text               c_w.l(_printf_fp_infnan.o)
    0x08000eb4   0x08000eb4   0x000000e4   Code   RO         5593    .text               c_w.l(bigflt0.o)
    0x08000f98   0x08000f98   0x00000008   Code   RO         5618    .text               c_w.l(ferror.o)
    0x08000fa0   0x08000fa0   0x00000138   Code   RO         5624    .text               c_w.l(initio.o)
    0x080010d8   0x080010d8   0x00000066   Code   RO         5639    .text               c_w.l(sys_io.o)
    0x0800113e   0x0800113e   0x00000002   PAD
    0x08001140   0x08001140   0x00000008   Code   RO         5644    .text               c_w.l(libspace.o)
    0x08001148   0x08001148   0x0000004a   Code   RO         5649    .text               c_w.l(sys_stackheap_outer.o)
    0x08001192   0x08001192   0x0000004e   Code   RO         5653    .text               c_w.l(h1_free.o)
    0x080011e0   0x080011e0   0x000001d6   Code   RO         5707    .text               c_w.l(flsbuf.o)
    0x080013b6   0x080013b6   0x00000046   Code   RO         5709    .text               c_w.l(setvbuf.o)
    0x080013fc   0x080013fc   0x000000ec   Code   RO         5712    .text               c_w.l(fopen.o)
    0x080014e8   0x080014e8   0x0000004c   Code   RO         5714    .text               c_w.l(fclose.o)
    0x08001534   0x08001534   0x00000012   Code   RO         5720    .text               c_w.l(exit.o)
    0x08001546   0x08001546   0x0000000e   Code   RO         5726    .text               c_w.l(defsig_rtred_outer.o)
    0x08001554   0x08001554   0x00000068   Code   RO         5730    .text               c_w.l(strcmpv7m_pel.o)
    0x080015bc   0x080015bc   0x00000002   Code   RO         5801    .text               c_w.l(use_no_semi.o)
    0x080015be   0x080015be   0x00000000   Code   RO         5803    .text               c_w.l(indicate_semi.o)
    0x080015be   0x080015be   0x00000002   PAD
    0x080015c0   0x080015c0   0x00000008   Code   RO         5811    .text               c_w.l(rt_heap_descriptor_intlibspace.o)
    0x080015c8   0x080015c8   0x00000004   Code   RO         5813    .text               c_w.l(hguard.o)
    0x080015cc   0x080015cc   0x0000008a   Code   RO         5815    .text               c_w.l(init_alloc.o)
    0x08001656   0x08001656   0x0000005e   Code   RO         5821    .text               c_w.l(h1_alloc.o)
    0x080016b4   0x080016b4   0x000000f8   Code   RO         5837    .text               c_w.l(fseek.o)
    0x080017ac   0x080017ac   0x000000f0   Code   RO         5839    .text               c_w.l(stdio.o)
    0x0800189c   0x0800189c   0x0000000a   Code   RO         5845    .text               c_w.l(defsig_exit.o)
    0x080018a6   0x080018a6   0x00000002   PAD
    0x080018a8   0x080018a8   0x00000034   Code   RO         5849    .text               c_w.l(defsig_rtred_inner.o)
    0x080018dc   0x080018dc   0x0000000c   Code   RO         5857    .text               c_w.l(sys_exit.o)
    0x080018e8   0x080018e8   0x0000000e   Code   RO         5868    .text               c_w.l(h1_init.o)
    0x080018f6   0x080018f6   0x00000034   Code   RO         5870    .text               c_w.l(h1_extend.o)
    0x0800192a   0x0800192a   0x00000042   Code   RO         5880    .text               c_w.l(ftell.o)
    0x0800196c   0x0800196c   0x00000032   Code   RO         5888    .text               c_w.l(defsig_general.o)
    0x0800199e   0x0800199e   0x0000000e   Code   RO         5890    .text               c_w.l(defsig_rtmem_outer.o)
    0x080019ac   0x080019ac   0x0000000e   Code   RO         5903    .text               c_w.l(sys_wrch.o)
    0x080019ba   0x080019ba   0x00000002   PAD
    0x080019bc   0x080019bc   0x00000050   Code   RO         5911    .text               c_w.l(defsig_rtmem_inner.o)
    0x08001a0c   0x08001a0c   0x0000003e   Code   RO         5596    CL$$btod_d2e        c_w.l(btod.o)
    0x08001a4a   0x08001a4a   0x00000046   Code   RO         5598    CL$$btod_d2e_denorm_low  c_w.l(btod.o)
    0x08001a90   0x08001a90   0x00000060   Code   RO         5597    CL$$btod_d2e_norm_op1  c_w.l(btod.o)
    0x08001af0   0x08001af0   0x00000338   Code   RO         5606    CL$$btod_div_common  c_w.l(btod.o)
    0x08001e28   0x08001e28   0x000000dc   Code   RO         5603    CL$$btod_e2e        c_w.l(btod.o)
    0x08001f04   0x08001f04   0x0000002a   Code   RO         5600    CL$$btod_ediv       c_w.l(btod.o)
    0x08001f2e   0x08001f2e   0x0000002a   Code   RO         5599    CL$$btod_emul       c_w.l(btod.o)
    0x08001f58   0x08001f58   0x00000244   Code   RO         5605    CL$$btod_mult_common  c_w.l(btod.o)
    0x0800219c   0x0800219c   0x00000108   Code   RO          639    i.ADC_ConfigureBoostMode  stm32h7xx_hal_adc.o
    0x080022a4   0x080022a4   0x000000e4   Code   RO          640    i.ADC_ConversionStop  stm32h7xx_hal_adc.o
    0x08002388   0x08002388   0x00000070   Code   RO          644    i.ADC_Disable       stm32h7xx_hal_adc.o
    0x080023f8   0x080023f8   0x000000a8   Code   RO          645    i.ADC_Enable        stm32h7xx_hal_adc.o
    0x080024a0   0x080024a0   0x00000002   Code   RO          443    i.BusFault_Handler  stm32h7xx_it_1.o
    0x080024a2   0x080024a2   0x00000002   PAD
    0x080024a4   0x080024a4   0x0000000c   Code   RO          444    i.DMA1_Stream0_IRQHandler  stm32h7xx_it_1.o
    0x080024b0   0x080024b0   0x0000000c   Code   RO          445    i.DMA1_Stream1_IRQHandler  stm32h7xx_it_1.o
    0x080024bc   0x080024bc   0x0000000c   Code   RO          446    i.DMA1_Stream2_IRQHandler  stm32h7xx_it_1.o
    0x080024c8   0x080024c8   0x0000000c   Code   RO          447    i.DMA1_Stream3_IRQHandler  stm32h7xx_it_1.o
    0x080024d4   0x080024d4   0x0000000c   Code   RO          448    i.DMA1_Stream4_IRQHandler  stm32h7xx_it_1.o
    0x080024e0   0x080024e0   0x0000000c   Code   RO          449    i.DMA1_Stream5_IRQHandler  stm32h7xx_it_1.o
    0x080024ec   0x080024ec   0x0000000c   Code   RO          450    i.DMA1_Stream6_IRQHandler  stm32h7xx_it_1.o
    0x080024f8   0x080024f8   0x0000000c   Code   RO          451    i.DMA1_Stream7_IRQHandler  stm32h7xx_it_1.o
    0x08002504   0x08002504   0x0000000c   Code   RO          452    i.DMA2_Stream0_IRQHandler  stm32h7xx_it_1.o
    0x08002510   0x08002510   0x0000000c   Code   RO          453    i.DMA2_Stream1_IRQHandler  stm32h7xx_it_1.o
    0x0800251c   0x0800251c   0x000000b4   Code   RO         1700    i.DMA_CalcBaseAndBitshift  stm32h7xx_hal_dma.o
    0x080025d0   0x080025d0   0x0000009c   Code   RO         1701    i.DMA_CalcDMAMUXChannelBaseAndMask  stm32h7xx_hal_dma.o
    0x0800266c   0x0800266c   0x00000074   Code   RO         1702    i.DMA_CalcDMAMUXRequestGenBaseAndMask  stm32h7xx_hal_dma.o
    0x080026e0   0x080026e0   0x00000054   Code   RO         1703    i.DMA_CheckFifoParam  stm32h7xx_hal_dma.o
    0x08002734   0x08002734   0x00000220   Code   RO         1704    i.DMA_SetConfig     stm32h7xx_hal_dma.o
    0x08002954   0x08002954   0x00000002   Code   RO          454    i.DebugMon_Handler  stm32h7xx_it_1.o
    0x08002956   0x08002956   0x00000004   Code   RO           13    i.Error_Handler     main.o
    0x0800295a   0x0800295a   0x00000002   PAD
    0x0800295c   0x0800295c   0x0000001c   Code   RO         5015    i.ExitRun0Mode      system_stm32h7xx_1.o
    0x08002978   0x08002978   0x000000e0   Code   RO         5343    i.Get_Sign          stir.o
    0x08002a58   0x08002a58   0x00000420   Code   RO          647    i.HAL_ADC_ConfigChannel  stm32h7xx_hal_adc.o
    0x08002e78   0x08002e78   0x00000006   Code   RO          654    i.HAL_ADC_GetValue  stm32h7xx_hal_adc.o
    0x08002e7e   0x08002e7e   0x00000002   PAD
    0x08002e80   0x08002e80   0x00000228   Code   RO          656    i.HAL_ADC_Init      stm32h7xx_hal_adc.o
    0x080030a8   0x080030a8   0x00000094   Code   RO          257    i.HAL_ADC_MspInit   adc_1.o
    0x0800313c   0x0800313c   0x00000124   Code   RO          660    i.HAL_ADC_PollForConversion  stm32h7xx_hal_adc.o
    0x08003260   0x08003260   0x00000108   Code   RO          662    i.HAL_ADC_Start     stm32h7xx_hal_adc.o
    0x08003368   0x08003368   0x0000003e   Code   RO          665    i.HAL_ADC_Stop      stm32h7xx_hal_adc.o
    0x080033a6   0x080033a6   0x00000002   PAD
    0x080033a8   0x080033a8   0x00000360   Code   RO         1705    i.HAL_DMA_Abort     stm32h7xx_hal_dma.o
    0x08003708   0x08003708   0x00000284   Code   RO         1706    i.HAL_DMA_Abort_IT  stm32h7xx_hal_dma.o
    0x0800398c   0x0800398c   0x000006e8   Code   RO         1710    i.HAL_DMA_IRQHandler  stm32h7xx_hal_dma.o
    0x08004074   0x08004074   0x000003c4   Code   RO         1711    i.HAL_DMA_Init      stm32h7xx_hal_dma.o
    0x08004438   0x08004438   0x0000029c   Code   RO         1715    i.HAL_DMA_Start_IT  stm32h7xx_hal_dma.o
    0x080046d4   0x080046d4   0x00000024   Code   RO         2567    i.HAL_Delay         stm32h7xx_hal.o
    0x080046f8   0x080046f8   0x0000022c   Code   RO         1553    i.HAL_GPIO_Init     stm32h7xx_hal_gpio.o
    0x08004924   0x08004924   0x0000000a   Code   RO         1557    i.HAL_GPIO_WritePin  stm32h7xx_hal_gpio.o
    0x0800492e   0x0800492e   0x00000002   PAD
    0x08004930   0x08004930   0x0000000c   Code   RO         2578    i.HAL_GetREVID      stm32h7xx_hal.o
    0x0800493c   0x0800493c   0x0000000c   Code   RO         2579    i.HAL_GetTick       stm32h7xx_hal.o
    0x08004948   0x08004948   0x00000010   Code   RO         2585    i.HAL_IncTick       stm32h7xx_hal.o
    0x08004958   0x08004958   0x0000005c   Code   RO         2586    i.HAL_Init          stm32h7xx_hal.o
    0x080049b4   0x080049b4   0x00000040   Code   RO         2587    i.HAL_InitTick      stm32h7xx_hal.o
    0x080049f4   0x080049f4   0x0000005c   Code   RO         2408    i.HAL_MPU_ConfigRegion  stm32h7xx_hal_cortex.o
    0x08004a50   0x08004a50   0x0000001c   Code   RO         2409    i.HAL_MPU_Disable   stm32h7xx_hal_cortex.o
    0x08004a6c   0x08004a6c   0x00000024   Code   RO         2411    i.HAL_MPU_Enable    stm32h7xx_hal_cortex.o
    0x08004a90   0x08004a90   0x0000001c   Code   RO          615    i.HAL_MspInit       stm32h7xx_hal_msp_1.o
    0x08004aac   0x08004aac   0x0000001a   Code   RO         2415    i.HAL_NVIC_EnableIRQ  stm32h7xx_hal_cortex.o
    0x08004ac6   0x08004ac6   0x00000002   PAD
    0x08004ac8   0x08004ac8   0x00000040   Code   RO         2421    i.HAL_NVIC_SetPriority  stm32h7xx_hal_cortex.o
    0x08004b08   0x08004b08   0x00000024   Code   RO         2422    i.HAL_NVIC_SetPriorityGrouping  stm32h7xx_hal_cortex.o
    0x08004b2c   0x08004b2c   0x00000054   Code   RO         2154    i.HAL_PWREx_ConfigSupply  stm32h7xx_hal_pwr_ex.o
    0x08004b80   0x08004b80   0x00000024   Code   RO         1196    i.HAL_RCCEx_GetD3PCLK1Freq  stm32h7xx_hal_rcc_ex.o
    0x08004ba4   0x08004ba4   0x00000148   Code   RO         1197    i.HAL_RCCEx_GetPLL1ClockFreq  stm32h7xx_hal_rcc_ex.o
    0x08004cec   0x08004cec   0x00000144   Code   RO         1198    i.HAL_RCCEx_GetPLL2ClockFreq  stm32h7xx_hal_rcc_ex.o
    0x08004e30   0x08004e30   0x00000144   Code   RO         1199    i.HAL_RCCEx_GetPLL3ClockFreq  stm32h7xx_hal_rcc_ex.o
    0x08004f74   0x08004f74   0x000002c8   Code   RO         1201    i.HAL_RCCEx_GetPeriphCLKFreq  stm32h7xx_hal_rcc_ex.o
    0x0800523c   0x0800523c   0x000009ac   Code   RO         1205    i.HAL_RCCEx_PeriphCLKConfig  stm32h7xx_hal_rcc_ex.o
    0x08005be8   0x08005be8   0x0000025c   Code   RO         1081    i.HAL_RCC_ClockConfig  stm32h7xx_hal_rcc.o
    0x08005e44   0x08005e44   0x00000044   Code   RO         1086    i.HAL_RCC_GetHCLKFreq  stm32h7xx_hal_rcc.o
    0x08005e88   0x08005e88   0x00000024   Code   RO         1088    i.HAL_RCC_GetPCLK1Freq  stm32h7xx_hal_rcc.o
    0x08005eac   0x08005eac   0x00000024   Code   RO         1089    i.HAL_RCC_GetPCLK2Freq  stm32h7xx_hal_rcc.o
    0x08005ed0   0x08005ed0   0x00000138   Code   RO         1090    i.HAL_RCC_GetSysClockFreq  stm32h7xx_hal_rcc.o
    0x08006008   0x08006008   0x00000582   Code   RO         1093    i.HAL_RCC_OscConfig  stm32h7xx_hal_rcc.o
    0x0800658a   0x0800658a   0x00000026   Code   RO         2426    i.HAL_SYSTICK_Config  stm32h7xx_hal_cortex.o
    0x080065b0   0x080065b0   0x00000002   Code   RO         4186    i.HAL_TIMEx_Break2Callback  stm32h7xx_hal_tim_ex.o
    0x080065b2   0x080065b2   0x00000002   Code   RO         4187    i.HAL_TIMEx_BreakCallback  stm32h7xx_hal_tim_ex.o
    0x080065b4   0x080065b4   0x00000002   Code   RO         4188    i.HAL_TIMEx_CommutCallback  stm32h7xx_hal_tim_ex.o
    0x080065b6   0x080065b6   0x00000002   PAD
    0x080065b8   0x080065b8   0x000000a4   Code   RO         4208    i.HAL_TIMEx_MasterConfigSynchronization  stm32h7xx_hal_tim_ex.o
    0x0800665c   0x0800665c   0x00000062   Code   RO         3472    i.HAL_TIM_Base_Init  stm32h7xx_hal_tim.o
    0x080066be   0x080066be   0x00000002   PAD
    0x080066c0   0x080066c0   0x0000003c   Code   RO          323    i.HAL_TIM_Base_MspInit  tim_1.o
    0x080066fc   0x080066fc   0x000000fc   Code   RO         3481    i.HAL_TIM_ConfigClockSource  stm32h7xx_hal_tim.o
    0x080067f8   0x080067f8   0x00000002   Code   RO         3506    i.HAL_TIM_IC_CaptureCallback  stm32h7xx_hal_tim.o
    0x080067fa   0x080067fa   0x00000148   Code   RO         3520    i.HAL_TIM_IRQHandler  stm32h7xx_hal_tim.o
    0x08006942   0x08006942   0x00000002   Code   RO         3523    i.HAL_TIM_OC_DelayElapsedCallback  stm32h7xx_hal_tim.o
    0x08006944   0x08006944   0x00000002   Code   RO         3550    i.HAL_TIM_PWM_PulseFinishedCallback  stm32h7xx_hal_tim.o
    0x08006946   0x08006946   0x00000002   Code   RO         3558    i.HAL_TIM_PeriodElapsedCallback  stm32h7xx_hal_tim.o
    0x08006948   0x08006948   0x00000002   Code   RO         3563    i.HAL_TIM_TriggerCallback  stm32h7xx_hal_tim.o
    0x0800694a   0x0800694a   0x00000040   Code   RO         4897    i.HAL_UARTEx_DisableFifoMode  stm32h7xx_hal_uart_ex.o
    0x0800698a   0x0800698a   0x0000004a   Code   RO         4903    i.HAL_UARTEx_ReceiveToIdle_DMA  stm32h7xx_hal_uart_ex.o
    0x080069d4   0x080069d4   0x00000050   Code   RO          364    i.HAL_UARTEx_RxEventCallback  usart_1.o
    0x08006a24   0x08006a24   0x00000002   Code   RO         4905    i.HAL_UARTEx_RxFifoFullCallback  stm32h7xx_hal_uart_ex.o
    0x08006a26   0x08006a26   0x0000004c   Code   RO         4906    i.HAL_UARTEx_SetRxFifoThreshold  stm32h7xx_hal_uart_ex.o
    0x08006a72   0x08006a72   0x0000004c   Code   RO         4907    i.HAL_UARTEx_SetTxFifoThreshold  stm32h7xx_hal_uart_ex.o
    0x08006abe   0x08006abe   0x00000002   Code   RO         4909    i.HAL_UARTEx_TxFifoEmptyCallback  stm32h7xx_hal_uart_ex.o
    0x08006ac0   0x08006ac0   0x00000002   Code   RO         4910    i.HAL_UARTEx_WakeupCallback  stm32h7xx_hal_uart_ex.o
    0x08006ac2   0x08006ac2   0x00000002   Code   RO         4502    i.HAL_UART_ErrorCallback  stm32h7xx_hal_uart.o
    0x08006ac4   0x08006ac4   0x0000039c   Code   RO         4505    i.HAL_UART_IRQHandler  stm32h7xx_hal_uart.o
    0x08006e60   0x08006e60   0x0000006a   Code   RO         4506    i.HAL_UART_Init     stm32h7xx_hal_uart.o
    0x08006eca   0x08006eca   0x00000002   PAD
    0x08006ecc   0x08006ecc   0x00000508   Code   RO          366    i.HAL_UART_MspInit  usart_1.o
    0x080073d4   0x080073d4   0x00000002   Code   RO         4513    i.HAL_UART_RxCpltCallback  stm32h7xx_hal_uart.o
    0x080073d6   0x080073d6   0x00000002   Code   RO         4514    i.HAL_UART_RxHalfCpltCallback  stm32h7xx_hal_uart.o
    0x080073d8   0x080073d8   0x000000b0   Code   RO         4515    i.HAL_UART_Transmit  stm32h7xx_hal_uart.o
    0x08007488   0x08007488   0x00000090   Code   RO         4516    i.HAL_UART_Transmit_DMA  stm32h7xx_hal_uart.o
    0x08007518   0x08007518   0x00000064   Code   RO          367    i.HAL_UART_TxCpltCallback  usart_1.o
    0x0800757c   0x0800757c   0x00000002   Code   RO         4519    i.HAL_UART_TxHalfCpltCallback  stm32h7xx_hal_uart.o
    0x0800757e   0x0800757e   0x00000002   Code   RO          455    i.HardFault_Handler  stm32h7xx_it_1.o
    0x08007580   0x08007580   0x00000008   Code   RO          668    i.LL_ADC_INJ_IsConversionOngoing  stm32h7xx_hal_adc.o
    0x08007588   0x08007588   0x00000008   Code   RO          669    i.LL_ADC_REG_IsConversionOngoing  stm32h7xx_hal_adc.o
    0x08007590   0x08007590   0x00000010   Code   RO          670    i.LL_ADC_REG_IsTriggerSourceSWStart  stm32h7xx_hal_adc.o
    0x080075a0   0x080075a0   0x0000007c   Code   RO          258    i.MX_ADC2_Init      adc_1.o
    0x0800761c   0x0800761c   0x000000cc   Code   RO          298    i.MX_DMA_Init       dma_1.o
    0x080076e8   0x080076e8   0x000000d4   Code   RO          232    i.MX_GPIO_Init      gpio_1.o
    0x080077bc   0x080077bc   0x00000068   Code   RO          324    i.MX_TIM4_Init      tim_1.o
    0x08007824   0x08007824   0x00000068   Code   RO          368    i.MX_UART4_Init     usart_1.o
    0x0800788c   0x0800788c   0x00000068   Code   RO          369    i.MX_UART7_Init     usart_1.o
    0x080078f4   0x080078f4   0x00000068   Code   RO          370    i.MX_USART1_UART_Init  usart_1.o
    0x0800795c   0x0800795c   0x00000068   Code   RO          371    i.MX_USART3_UART_Init  usart_1.o
    0x080079c4   0x080079c4   0x00000068   Code   RO          372    i.MX_USART6_UART_Init  usart_1.o
    0x08007a2c   0x08007a2c   0x00000002   Code   RO          456    i.MemManage_Handler  stm32h7xx_it_1.o
    0x08007a2e   0x08007a2e   0x00000002   Code   RO          457    i.NMI_Handler       stm32h7xx_it_1.o
    0x08007a30   0x08007a30   0x000000b8   Code   RO         5058    i.NTC_Control_Init  ntc_control.o
    0x08007ae8   0x08007ae8   0x000000e8   Code   RO         5059    i.NTC_Control_Update  ntc_control.o
    0x08007bd0   0x08007bd0   0x00000040   Code   RO         5098    i.Oxygen_Get        oxygen.o
    0x08007c10   0x08007c10   0x000000dc   Code   RO         5099    i.Oxygen_Init       oxygen.o
    0x08007cec   0x08007cec   0x00000038   Code   RO         5100    i.Oxygen_Read       oxygen.o
    0x08007d24   0x08007d24   0x00000058   Code   RO         5101    i.Oxygen_Task       oxygen.o
    0x08007d7c   0x08007d7c   0x00000328   Code   RO         5206    i.PID_AutoTune      pid.o
    0x080080a4   0x080080a4   0x00000024   Code   RO         5207    i.PID_Init          pid.o
    0x080080c8   0x080080c8   0x000000fc   Code   RO         5208    i.PID_Task          pid.o
    0x080081c4   0x080081c4   0x00000002   Code   RO          458    i.PendSV_Handler    stm32h7xx_it_1.o
    0x080081c6   0x080081c6   0x00000002   PAD
    0x080081c8   0x080081c8   0x00000120   Code   RO         1208    i.RCCEx_PLL2_Config  stm32h7xx_hal_rcc_ex.o
    0x080082e8   0x080082e8   0x00000120   Code   RO         1209    i.RCCEx_PLL3_Config  stm32h7xx_hal_rcc_ex.o
    0x08008408   0x08008408   0x00000100   Code   RO         5394    i.Read_Temperature  temperature.o
    0x08008508   0x08008508   0x00000004   Code   RO         5298    i.Relay_Init        relay.o
    0x0800850c   0x0800850c   0x0000003c   Code   RO         5299    i.Relay_Off         relay.o
    0x08008548   0x08008548   0x00000034   Code   RO         5300    i.Relay_On          relay.o
    0x0800857c   0x0800857c   0x0000004c   Code   RO         5301    i.Relay_Switch      relay.o
    0x080085c8   0x080085c8   0x00000002   Code   RO          459    i.SVC_Handler       stm32h7xx_it_1.o
    0x080085ca   0x080085ca   0x00000002   PAD
    0x080085cc   0x080085cc   0x000000e0   Code   RO         5344    i.SpeedMode         stir.o
    0x080086ac   0x080086ac   0x000000f0   Code   RO         5255    i.Start_PUMP        pump.o
    0x0800879c   0x0800879c   0x000000e8   Code   RO         5256    i.Stop_PUMP         pump.o
    0x08008884   0x08008884   0x00000004   Code   RO          460    i.SysTick_Handler   stm32h7xx_it_1.o
    0x08008888   0x08008888   0x000000a0   Code   RO           14    i.SystemClock_Config  main.o
    0x08008928   0x08008928   0x000000f8   Code   RO         5017    i.SystemInit        system_stm32h7xx_1.o
    0x08008a20   0x08008a20   0x0000000c   Code   RO          461    i.TIM4_IRQHandler   stm32h7xx_it_1.o
    0x08008a2c   0x08008a2c   0x000000cc   Code   RO         3565    i.TIM_Base_SetConfig  stm32h7xx_hal_tim.o
    0x08008af8   0x08008af8   0x00000012   Code   RO         3576    i.TIM_ETR_SetConfig  stm32h7xx_hal_tim.o
    0x08008b0a   0x08008b0a   0x00000002   PAD
    0x08008b0c   0x08008b0c   0x00000014   Code   RO         3577    i.TIM_ITRx_SetConfig  stm32h7xx_hal_tim.o
    0x08008b20   0x08008b20   0x00000022   Code   RO         3585    i.TIM_TI1_ConfigInputStage  stm32h7xx_hal_tim.o
    0x08008b42   0x08008b42   0x00000024   Code   RO         3587    i.TIM_TI2_ConfigInputStage  stm32h7xx_hal_tim.o
    0x08008b66   0x08008b66   0x00000002   PAD
    0x08008b68   0x08008b68   0x00000108   Code   RO         5152    i.Task_PH           ph.o
    0x08008c70   0x08008c70   0x0000000c   Code   RO          462    i.UART4_IRQHandler  stm32h7xx_it_1.o
    0x08008c7c   0x08008c7c   0x0000000c   Code   RO          463    i.UART7_IRQHandler  stm32h7xx_it_1.o
    0x08008c88   0x08008c88   0x00000044   Code   RO         4911    i.UARTEx_SetNbDataToProcess  stm32h7xx_hal_uart_ex.o
    0x08008ccc   0x08008ccc   0x000000c8   Code   RO         4520    i.UART_AdvFeatureConfig  stm32h7xx_hal_uart.o
    0x08008d94   0x08008d94   0x000000aa   Code   RO         4521    i.UART_CheckIdleState  stm32h7xx_hal_uart.o
    0x08008e3e   0x08008e3e   0x00000010   Code   RO         4522    i.UART_DMAAbortOnError  stm32h7xx_hal_uart.o
    0x08008e4e   0x08008e4e   0x0000004e   Code   RO         4523    i.UART_DMAError     stm32h7xx_hal_uart.o
    0x08008e9c   0x08008e9c   0x00000082   Code   RO         4524    i.UART_DMAReceiveCplt  stm32h7xx_hal_uart.o
    0x08008f1e   0x08008f1e   0x00000020   Code   RO         4526    i.UART_DMARxHalfCplt  stm32h7xx_hal_uart.o
    0x08008f3e   0x08008f3e   0x00000040   Code   RO         4528    i.UART_DMATransmitCplt  stm32h7xx_hal_uart.o
    0x08008f7e   0x08008f7e   0x0000000a   Code   RO         4530    i.UART_DMATxHalfCplt  stm32h7xx_hal_uart.o
    0x08008f88   0x08008f88   0x00000054   Code   RO         4532    i.UART_EndRxTransfer  stm32h7xx_hal_uart.o
    0x08008fdc   0x08008fdc   0x0000002e   Code   RO         4533    i.UART_EndTxTransfer  stm32h7xx_hal_uart.o
    0x0800900a   0x0800900a   0x00000002   PAD
    0x0800900c   0x0800900c   0x000003ac   Code   RO         4538    i.UART_SetConfig    stm32h7xx_hal_uart.o
    0x080093b8   0x080093b8   0x000000a8   Code   RO         4539    i.UART_Start_Receive_DMA  stm32h7xx_hal_uart.o
    0x08009460   0x08009460   0x00000094   Code   RO         4545    i.UART_WaitOnFlagUntilTimeout  stm32h7xx_hal_uart.o
    0x080094f4   0x080094f4   0x0000000c   Code   RO          464    i.USART1_IRQHandler  stm32h7xx_it_1.o
    0x08009500   0x08009500   0x0000000c   Code   RO          465    i.USART3_IRQHandler  stm32h7xx_it_1.o
    0x0800950c   0x0800950c   0x0000000c   Code   RO          466    i.USART6_IRQHandler  stm32h7xx_it_1.o
    0x08009518   0x08009518   0x00000002   Code   RO          467    i.UsageFault_Handler  stm32h7xx_it_1.o
    0x0800951a   0x0800951a   0x00000030   Code   RO         5637    i.__ARM_fpclassify  m_wv.l(fpclassify.o)
    0x0800954a   0x0800954a   0x00000022   Code   RO         2428    i.__NVIC_SetPriority  stm32h7xx_hal_cortex.o
    0x0800956c   0x0800956c   0x0000017c   Code   RO         5503    i.__hardfp_logf     m_wv.l(logf.o)
    0x080096e8   0x080096e8   0x00000018   Code   RO         5546    i.__mathlib_flt_divzero  m_wv.l(funder.o)
    0x08009700   0x08009700   0x00000006   Code   RO         5547    i.__mathlib_flt_infnan  m_wv.l(funder.o)
    0x08009706   0x08009706   0x00000002   PAD
    0x08009708   0x08009708   0x00000010   Code   RO         5549    i.__mathlib_flt_invalid  m_wv.l(funder.o)
    0x08009718   0x08009718   0x0000000e   Code   RO         5475    i._is_digit         c_w.l(__printf_wp.o)
    0x08009726   0x08009726   0x00000002   PAD
    0x08009728   0x08009728   0x000000b8   Code   RO         5153    i.adjustPH          ph.o
    0x080097e0   0x080097e0   0x00000020   Code   RO         5209    i.clamp             pid.o
    0x08009800   0x08009800   0x0000001a   Code   RO         5621    i.fputc             c_w.l(fputc.o)
    0x0800981a   0x0800981a   0x00000002   PAD
    0x0800981c   0x0800981c   0x0000033c   Code   RO           16    i.main              main.o
    0x08009b58   0x08009b58   0x0000011c   Code   RO         5154    i.readPH            ph.o
    0x08009c74   0x08009c74   0x00000068   Code   RO         5155    i.requestPH         ph.o
    0x08009cdc   0x08009cdc   0x0000002c   Code   RO         5633    locale$$code        c_w.l(lc_numeric_c.o)
    0x08009d08   0x08009d08   0x0000000a   Code   RO         5855    x$fpl$fpinit        fz_wv.l(fpinit.o)
    0x08009d12   0x08009d12   0x00000004   Code   RO         5501    x$fpl$printf1       fz_wv.l(printf1.o)
    0x08009d16   0x08009d16   0x00000000   Code   RO         5545    x$fpl$usenofp       fz_wv.l(usenofp.o)
    0x08009d16   0x08009d16   0x00000008   Data   RO         1717    .constdata          stm32h7xx_hal_dma.o
    0x08009d1e   0x08009d1e   0x00000018   Data   RO         4546    .constdata          stm32h7xx_hal_uart.o
    0x08009d36   0x08009d36   0x00000010   Data   RO         4912    .constdata          stm32h7xx_hal_uart_ex.o
    0x08009d46   0x08009d46   0x00000010   Data   RO         5018    .constdata          system_stm32h7xx_1.o
    0x08009d56   0x08009d56   0x00000028   Data   RO         5448    .constdata          c_w.l(_printf_hex_int.o)
    0x08009d7e   0x08009d7e   0x00000011   Data   RO         5478    .constdata          c_w.l(__printf_flags_wp.o)
    0x08009d8f   0x08009d8f   0x00000001   PAD
    0x08009d90   0x08009d90   0x00000040   Data   RO         5506    .constdata          m_wv.l(logf.o)
    0x08009dd0   0x08009dd0   0x00000094   Data   RO         5594    .constdata          c_w.l(bigflt0.o)
    0x08009e64   0x08009e64   0x00000004   Data   RO         5640    .constdata          c_w.l(sys_io.o)
    0x08009e68   0x08009e68   0x00000004   Data   RO         5641    .constdata          c_w.l(sys_io.o)
    0x08009e6c   0x08009e6c   0x00000004   Data   RO         5642    .constdata          c_w.l(sys_io.o)
    0x08009e70   0x08009e70   0x00000045   Data   RO         5210    .conststring        pid.o
    0x08009eb5   0x08009eb5   0x00000003   PAD
    0x08009eb8   0x08009eb8   0x00000020   Data   RO         5934    Region$$Table       anon$$obj.o
    0x08009ed8   0x08009ed8   0x0000001c   Data   RO         5632    locale$$data        c_w.l(lc_numeric_c.o)


    Execution Region RW_IRAM1 (Exec base: 0x20000000, Load base: 0x08009ef4, Size: 0x00000000, Max: 0x00020000, ABSOLUTE)

    **** No section assigned to this execution region ****


    Execution Region RW_IRAM2 (Exec base: 0x24000000, Load base: 0x08009ef4, Size: 0x00001828, Max: 0x00080000, ABSOLUTE)

    Exec Addr    Load Addr    Size         Type   Attr      Idx    E Section Name        Object

    0x24000000   0x08009ef4   0x00000010   Data   RW           18    .data               main.o
    0x24000010   0x08009f04   0x0000000c   Data   RW         2608    .data               stm32h7xx_hal.o
    0x2400001c   0x08009f10   0x00000008   Data   RW         5019    .data               system_stm32h7xx_1.o
    0x24000024   0x08009f18   0x00000003   Data   RW         5103    .data               oxygen.o
    0x24000027   0x08009f1b   0x00000001   PAD
    0x24000028   0x08009f1c   0x0000001c   Data   RW         5157    .data               ph.o
    0x24000044   0x08009f38   0x00000001   Data   RW         5258    .data               pump.o
    0x24000045   0x08009f39   0x00000001   Data   RW         5259    .data               pump.o
    0x24000046   0x08009f3a   0x00000001   Data   RW         5348    .data               stir.o
    0x24000047   0x08009f3b   0x00000001   Data   RW         5349    .data               stir.o
    0x24000048   0x08009f3c   0x00000004   Data   RW         5396    .data               temperature.o
    0x2400004c   0x08009f40   0x00000004   Data   RW         5542    .data               c_w.l(stdio_streams.o)
    0x24000050   0x08009f44   0x00000004   Data   RW         5543    .data               c_w.l(stdio_streams.o)
    0x24000054   0x08009f48   0x00000004   Data   RW         5544    .data               c_w.l(stdio_streams.o)
    0x24000058        -       0x00000064   Zero   RW          259    .bss                adc_1.o
    0x240000bc        -       0x0000004c   Zero   RW          325    .bss                tim_1.o
    0x24000108        -       0x00000794   Zero   RW          373    .bss                usart_1.o
    0x2400089c        -       0x00000030   Zero   RW         5060    .bss                ntc_control.o
    0x240008cc        -       0x00000200   Zero   RW         5102    .bss                oxygen.o
    0x24000acc        -       0x00000200   Zero   RW         5156    .bss                ph.o
    0x24000ccc        -       0x00000200   Zero   RW         5257    .bss                pump.o
    0x24000ecc        -       0x00000200   Zero   RW         5347    .bss                stir.o
    0x240010cc        -       0x00000054   Zero   RW         5539    .bss                c_w.l(stdio_streams.o)
    0x24001120        -       0x00000054   Zero   RW         5540    .bss                c_w.l(stdio_streams.o)
    0x24001174        -       0x00000054   Zero   RW         5541    .bss                c_w.l(stdio_streams.o)
    0x240011c8        -       0x00000060   Zero   RW         5645    .bss                c_w.l(libspace.o)
    0x24001228        -       0x00000200   Zero   RW            2    HEAP                startup_stm32h750xx.o
    0x24001428        -       0x00000400   Zero   RW            1    STACK               startup_stm32h750xx.o


==============================================================================

Image component sizes


      Code (inc. data)   RO Data    RW Data    ZI Data      Debug   Object Name

       272         28          0          0        100       2049   adc_1.o
       204          4          0          0          0       1054   dma_1.o
       212         12          0          0          0       1207   gpio_1.o
       992         62          0         16          0    1323330   main.o
       416        144          0          0         48       1592   ntc_control.o
       428         86          0          3        512       3140   oxygen.o
       836        280          0         28        512       3650   ph.o
      1128        282         69          0          0       4661   pid.o
       472         78          0          2        512       1854   pump.o
       192        118          0          0          0       2417   relay.o
        72         30        664          0       1536        872   startup_stm32h750xx.o
       448         56          0          2        512       1808   stir.o
       232         44          0         12          0      23728   stm32h7xx_hal.o
      3036        278          0          0          0      76606   stm32h7xx_hal_adc.o
       354         28          0          0          0      42145   stm32h7xx_hal_cortex.o
      5988        246          8          0          0      12234   stm32h7xx_hal_dma.o
       566         50          0          0          0       2404   stm32h7xx_hal_gpio.o
        28          6          0          0          0        990   stm32h7xx_hal_msp_1.o
        84          6          0          0          0        817   stm32h7xx_hal_pwr_ex.o
      2466        102          0          0          0       7368   stm32h7xx_hal_rcc.o
      4776        174          0          0          0      10819   stm32h7xx_hal_rcc_ex.o
      1000         50          0          0          0      10721   stm32h7xx_hal_tim.o
       170         30          0          0          0       3376   stm32h7xx_hal_tim_ex.o
      3444        162         24          0          0      38044   stm32h7xx_hal_uart.o
       364          6         16          0          0       6665   stm32h7xx_hal_uart_ex.o
       212         96          0          0          0      12414   stm32h7xx_it_1.o
       276         48         16          8          0       2117   system_stm32h7xx_1.o
       256         56          0          4          0        871   temperature.o
       164         18          0          0         76       1922   tim_1.o
      1988        200          0          0       1940       7571   usart_1.o

    ----------------------------------------------------------------------
     31104       2780        832         76       5748    1608446   Object Totals
         0          0         32          0          0          0   (incl. Generated)
        28          0          3          1          0          0   (incl. Padding)

    ----------------------------------------------------------------------

      Code (inc. data)   RO Data    RW Data    ZI Data      Debug   Library Member Name

         8          0          0          0          0         68   __main.o
       312          4         17          0          0         92   __printf_flags_wp.o
        14          0          0          0          0         68   __printf_wp.o
         0          0          0          0          0          0   __rtentry.o
        12          0          0          0          0          0   __rtentry2.o
         6          0          0          0          0          0   __rtentry4.o
        52          8          0          0          0          0   __scatter.o
        26          0          0          0          0          0   __scatter_copy.o
        28          0          0          0          0          0   __scatter_zi.o
        44          0          0          0          0        108   _printf_char.o
        48          6          0          0          0         96   _printf_char_common.o
        36          4          0          0          0         80   _printf_char_file.o
         6          0          0          0          0          0   _printf_f.o
      1054          0          0          0          0        216   _printf_fp_dec.o
       128         16          0          0          0         84   _printf_fp_infnan.o
        88          4         40          0          0         88   _printf_hex_int.o
       178          0          0          0          0         88   _printf_intcommon.o
        78          0          0          0          0        108   _printf_pad.o
         0          0          0          0          0          0   _printf_percent.o
         4          0          0          0          0          0   _printf_percent_end.o
         6          0          0          0          0          0   _printf_s.o
        82          0          0          0          0         80   _printf_str.o
         6          0          0          0          0          0   _printf_x.o
        22          0          0          0          0        100   _rserrno.o
        16          0          0          0          0         68   _snputc.o
        10          0          0          0          0         68   _sputc.o
       228          4        148          0          0         96   bigflt0.o
      1936        128          0          0          0        672   btod.o
        10          0          0          0          0         68   defsig_exit.o
        50          0          0          0          0         88   defsig_general.o
        80         58          0          0          0         76   defsig_rtmem_inner.o
        14          0          0          0          0         80   defsig_rtmem_outer.o
        52         38          0          0          0         76   defsig_rtred_inner.o
        14          0          0          0          0         80   defsig_rtred_outer.o
        18          0          0          0          0         80   exit.o
        76          0          0          0          0         88   fclose.o
         8          0          0          0          0         68   ferror.o
       470          0          0          0          0         88   flsbuf.o
       236          4          0          0          0        128   fopen.o
        26          0          0          0          0         68   fputc.o
       248          6          0          0          0         84   fseek.o
        66          0          0          0          0         76   ftell.o
        94          0          0          0          0         80   h1_alloc.o
        52          0          0          0          0         68   h1_extend.o
        78          0          0          0          0         80   h1_free.o
        14          0          0          0          0         84   h1_init.o
         6          0          0          0          0        152   heapauxi.o
         4          0          0          0          0        136   hguard.o
         0          0          0          0          0          0   indicate_semi.o
       138          0          0          0          0        168   init_alloc.o
       312         46          0          0          0        112   initio.o
        44         10         28          0          0         76   lc_numeric_c.o
         2          0          0          0          0          0   libinit.o
        34          0          0          0          0          0   libinit2.o
         2          0          0          0          0          0   libshutdown.o
         6          0          0          0          0          0   libshutdown2.o
         8          4          0          0         96         68   libspace.o
       138          0          0          0          0         80   lludiv10.o
       238          0          0          0          0        100   lludivv7m.o
         0          0          0          0          0          0   maybetermalloc1.o
        24          4          0          0          0         84   noretval__2printf.o
        52          4          0          0          0         84   noretval__2snprintf.o
         8          4          0          0          0         68   rt_errno_addr_intlibspace.o
         8          4          0          0          0         68   rt_heap_descriptor_intlibspace.o
         8          4          0          0          0         68   rt_locale_intlibspace.o
        78          0          0          0          0         80   rt_memclr_w.o
       100          0          0          0          0         80   rt_memcpy_w.o
         2          0          0          0          0          0   rtexit.o
        10          0          0          0          0          0   rtexit2.o
        70          0          0          0          0         80   setvbuf.o
       240          6          0          0          0        156   stdio.o
         0          0          0         12        252          0   stdio_streams.o
       104          0          0          0          0         68   strcmpv7m_pel.o
        62          0          0          0          0         76   strlen.o
        12          4          0          0          0         68   sys_exit.o
       102          0         12          0          0        240   sys_io.o
        74          0          0          0          0         80   sys_stackheap_outer.o
        14          0          0          0          0         76   sys_wrch.o
         2          0          0          0          0         68   use_no_semi.o
        10          0          0          0          0        116   fpinit.o
         4          0          0          0          0        116   printf1.o
         0          0          0          0          0          0   usenofp.o
        48          0          0          0          0        124   fpclassify.o
        46         16          0          0          0        348   funder.o
       380         56         64          0          0        140   logf.o

    ----------------------------------------------------------------------
      8446        442        310         12        348       6820   Library Totals
        22          0          1          0          0          0   (incl. Padding)

    ----------------------------------------------------------------------

      Code (inc. data)   RO Data    RW Data    ZI Data      Debug   Library Name

      7936        370        245         12        348       5976   c_w.l
        14          0          0          0          0        232   fz_wv.l
       474         72         64          0          0        612   m_wv.l

    ----------------------------------------------------------------------
      8446        442        310         12        348       6820   Library Totals

    ----------------------------------------------------------------------

==============================================================================


      Code (inc. data)   RO Data    RW Data    ZI Data      Debug   

     39550       3222       1142         88       6096    1595538   Grand Totals
     39550       3222       1142         88       6096    1595538   ELF Image Totals
     39550       3222       1142         88          0          0   ROM Totals

==============================================================================

    Total RO  Size (Code + RO Data)                40692 (  39.74kB)
    Total RW  Size (RW Data + ZI Data)              6184 (   6.04kB)
    Total ROM Size (Code + RO Data + RW Data)      40780 (  39.82kB)

==============================================================================

