../Core/Src/usart.c:28:6:HAL_UARTEx_RxEventCallback	16	static
../Core/Src/usart.c:62:6:HAL_UART_TxCpltCallback	16	static
../Core/Src/usart.c:113:6:MX_UART4_Init	8	static
../Core/Src/usart.c:156:6:MX_UART7_Init	8	static
../Core/Src/usart.c:199:6:MX_UART8_Init	8	static
../Core/Src/usart.c:243:6:MX_USART1_UART_Init	8	static
../Core/Src/usart.c:287:6:MX_USART3_UART_Init	8	static
../Core/Src/usart.c:331:6:MX_USART6_UART_Init	8	static
../Core/Src/usart.c:374:6:HAL_UART_MspInit	280	static
../Core/Src/usart.c:825:6:HAL_UART_MspDeInit	16	static
