../Core/Src/usart.c:26:6:HAL_UARTEx_RxEventCallback	16	static
../Core/Src/usart.c:49:6:HAL_UART_TxCpltCallback	16	static
../Core/Src/usart.c:100:6:MX_UART4_Init	8	static
../Core/Src/usart.c:143:6:MX_UART7_Init	8	static
../Core/Src/usart.c:186:6:MX_UART8_Init	8	static
../Core/Src/usart.c:230:6:MX_USART1_UART_Init	8	static
../Core/Src/usart.c:274:6:MX_USART3_UART_Init	8	static
../Core/Src/usart.c:318:6:MX_USART6_UART_Init	8	static
../Core/Src/usart.c:361:6:HAL_UART_MspInit	280	static
../Core/Src/usart.c:812:6:HAL_UART_MspDeInit	16	static
